13:09:34 | INFO    | 17_ablation_analysis | wrote fig11_gap_injection.png, fig11_gap_injection.pdf
13:09:34 | INFO    | 17_ablation_analysis | family ranks by arm and coverage:
arm             contiguous fragmented     
target_coverage       1.00       0.82 1.00
family                                    
linear                 2.0        1.0  2.0
naive                  4.0        4.0  4.0
sequence               1.0        3.0  1.0
trees                  3.0        2.0  3.0
13:09:34 | INFO    | 17_ablation_analysis | mean arm gap by family: {'linear': 0.0, 'naive': 0.0, 'sequence': 0.0, 'trees': 0.0}
13:19:39 | INFO    | 17_ablation_analysis | wrote fig11_gap_injection.png, fig11_gap_injection.pdf
13:19:39 | INFO    | 17_ablation_analysis | family ranks by arm and coverage:
arm             contiguous      fragmented     
target_coverage       0.82 1.00       0.82 1.00
family                                         
linear                 2.0  2.0        1.0  2.0
naive                  4.0  4.0        4.0  4.0
sequence               1.0  1.0        3.0  1.0
trees                  3.0  3.0        2.0  3.0
13:19:39 | INFO    | 17_ablation_analysis | mean arm gap by family (degraded cells only): {'sequence': -0.0427, 'naive': -0.0005, 'trees': 0.0219, 'linear': 0.0275}
01:35:46 | INFO    | 17_ablation_analysis | wrote fig11_gap_injection.png, fig11_gap_injection.pdf
01:35:46 | INFO    | 17_ablation_analysis | family ranks by arm and coverage:
arm             contiguous                          fragmented                         
target_coverage       0.75 0.82 0.85 0.90 0.95 1.00       0.75 0.82 0.85 0.90 0.95 1.00
family                                                                                 
linear                 2.0  2.0  2.0  2.0  2.0  2.0        1.0  1.0  1.0  2.0  2.0  2.0
naive                  4.0  4.0  4.0  4.0  4.0  4.0        4.0  4.0  4.0  4.0  4.0  4.0
sequence               1.0  1.0  1.0  1.0  1.0  1.0        3.0  3.0  2.0  1.0  1.0  1.0
trees                  3.0  3.0  3.0  3.0  3.0  3.0        2.0  2.0  3.0  3.0  3.0  3.0
01:35:46 | INFO    | 17_ablation_analysis | mean arm gap by family (degraded cells only): {'sequence': -0.0394, 'naive': 0.0014, 'trees': 0.0032, 'linear': 0.008}
21:17:45 | INFO    | 17_ablation_analysis | wrote fig11_gap_injection.png, fig11_gap_injection.pdf
21:17:45 | INFO    | 17_ablation_analysis | family ranks by arm and coverage:
arm             contiguous                          fragmented                         
target_coverage       0.75 0.82 0.85 0.90 0.95 1.00       0.75 0.82 0.85 0.90 0.95 1.00
family                                                                                 
linear                 2.0  2.0  2.0  2.0  2.0  2.0        1.0  1.0  1.0  2.0  2.0  2.0
naive                  4.0  4.0  4.0  4.0  4.0  4.0        4.0  4.0  4.0  4.0  4.0  4.0
sequence               1.0  1.0  1.0  1.0  1.0  1.0        3.0  3.0  2.0  1.0  1.0  1.0
trees                  3.0  3.0  3.0  3.0  3.0  3.0        2.0  2.0  3.0  3.0  3.0  3.0
21:17:45 | INFO    | 17_ablation_analysis | mean arm gap by family (degraded cells only): {'sequence': -0.0394, 'naive': 0.0014, 'trees': 0.0032, 'linear': 0.008}
21:17:45 | INFO    | 17_ablation_analysis | paired arm-gap tests:
  Family  Pairs  Mean gap             95% CI  p (Wilcoxon)  p (Holm)
sequence     15   -0.0527 [-0.0897, -0.0219]        0.0012    0.0046
   trees     15   -0.0112 [-0.0307, +0.0073]        0.3591    0.7183
   naive     15   -0.0101 [-0.0297, +0.0067]        0.5995    0.7183
  linear     15    0.0106 [+0.0018, +0.0188]        0.0256    0.0767
04:37:23 | WARNING | 17_ablation_analysis | GRID INCOMPLETE: 21 of 100 degraded cells missing. The paired test below is computed on the cells that exist and is NOT the designed experiment. Re-run scripts/16_gap_injection.py to resume, then re-run this script. Missing: contiguous_cov0.82_s7, contiguous_cov0.82_s101, contiguous_cov0.82_s2718, contiguous_cov0.82_s4096, contiguous_cov0.82_s8191, contiguous_cov0.82_s31415, contiguous_cov0.82_s60613, fragmented_cov0.75_s7, fragmented_cov0.75_s101, fragmented_cov0.75_s2718, fragmented_cov0.75_s4096, fragmented_cov0.75_s8191 ...
04:37:25 | INFO    | 17_ablation_analysis | wrote fig11_gap_injection.png, fig11_gap_injection.pdf
04:37:25 | INFO    | 17_ablation_analysis | family ranks by arm and coverage:
arm             contiguous                          fragmented                         
target_coverage       0.75 0.82 0.85 0.90 0.95 1.00       0.75 0.82 0.85 0.90 0.95 1.00
family                                                                                 
linear                 2.0  2.0  2.0  2.0  2.0  2.0        1.0  1.0  1.0  2.0  2.0  2.0
naive                  4.0  4.0  4.0  4.0  4.0  4.0        4.0  4.0  4.0  4.0  4.0  4.0
sequence               1.0  1.0  1.0  1.0  1.0  1.0        3.0  2.0  2.0  1.0  1.0  1.0
trees                  3.0  3.0  3.0  3.0  3.0  3.0        2.0  3.0  3.0  3.0  3.0  3.0
04:37:25 | INFO    | 17_ablation_analysis | mean arm gap by family (degraded cells only): {'sequence': -0.0427, 'trees': -0.0118, 'linear': -0.0038, 'naive': -0.002}
04:37:25 | INFO    | 17_ablation_analysis | paired arm-gap tests:
  Family  Pairs  Mean gap             95% CI  p (Wilcoxon)  p (Holm)
sequence     36   -0.0354 [-0.0549, -0.0180]        0.0003    0.0012
   trees     36   -0.0186 [-0.0311, -0.0061]        0.0020    0.0059
   naive     36   -0.0136 [-0.0346, +0.0010]        0.4140    0.8281
  linear     36    0.0011 [-0.0053, +0.0070]        0.6694    0.8281
04:37:32 | WARNING | 17_ablation_analysis | GRID INCOMPLETE: 21 of 100 degraded cells missing. The paired test below is computed on the cells that exist and is NOT the designed experiment. Re-run scripts/16_gap_injection.py to resume, then re-run this script. Missing: contiguous_cov0.82_s7, contiguous_cov0.82_s101, contiguous_cov0.82_s2718, contiguous_cov0.82_s4096, contiguous_cov0.82_s8191, contiguous_cov0.82_s31415, contiguous_cov0.82_s60613, fragmented_cov0.75_s7, fragmented_cov0.75_s101, fragmented_cov0.75_s2718, fragmented_cov0.75_s4096, fragmented_cov0.75_s8191 ...
04:37:33 | INFO    | 17_ablation_analysis | wrote fig11_gap_injection.png, fig11_gap_injection.pdf
04:37:33 | INFO    | 17_ablation_analysis | family ranks by arm and coverage:
arm             contiguous                          fragmented                         
target_coverage       0.75 0.82 0.85 0.90 0.95 1.00       0.75 0.82 0.85 0.90 0.95 1.00
family                                                                                 
linear                 2.0  2.0  2.0  2.0  2.0  2.0        1.0  1.0  1.0  2.0  2.0  2.0
naive                  4.0  4.0  4.0  4.0  4.0  4.0        4.0  4.0  4.0  4.0  4.0  4.0
sequence               1.0  1.0  1.0  1.0  1.0  1.0        3.0  2.0  2.0  1.0  1.0  1.0
trees                  3.0  3.0  3.0  3.0  3.0  3.0        2.0  3.0  3.0  3.0  3.0  3.0
04:37:33 | INFO    | 17_ablation_analysis | mean arm gap by family (degraded cells only): {'sequence': -0.0427, 'trees': -0.0118, 'linear': -0.0038, 'naive': -0.002}
04:37:33 | INFO    | 17_ablation_analysis | paired arm-gap tests:
  Family  Pairs  Mean gap             95% CI  p (Wilcoxon)  p (Holm)
sequence     36   -0.0354 [-0.0549, -0.0180]        0.0003    0.0012
   trees     36   -0.0186 [-0.0311, -0.0061]        0.0020    0.0059
   naive     36   -0.0136 [-0.0346, +0.0010]        0.4140    0.8281
  linear     36    0.0011 [-0.0053, +0.0070]        0.6694    0.8281
04:38:05 | WARNING | 17_ablation_analysis | GRID INCOMPLETE: 21 of 100 degraded cells missing. The paired test below is computed on the cells that exist and is NOT the designed experiment. Re-run scripts/16_gap_injection.py to resume, then re-run this script. Missing: contiguous_cov0.82_s7, contiguous_cov0.82_s101, contiguous_cov0.82_s2718, contiguous_cov0.82_s4096, contiguous_cov0.82_s8191, contiguous_cov0.82_s31415, contiguous_cov0.82_s60613, fragmented_cov0.75_s7, fragmented_cov0.75_s101, fragmented_cov0.75_s2718, fragmented_cov0.75_s4096, fragmented_cov0.75_s8191 ...
04:38:06 | INFO    | 17_ablation_analysis | wrote fig11_gap_injection.png, fig11_gap_injection.pdf
04:38:06 | INFO    | 17_ablation_analysis | family ranks by arm and coverage:
arm             contiguous                          fragmented                         
target_coverage       0.75 0.82 0.85 0.90 0.95 1.00       0.75 0.82 0.85 0.90 0.95 1.00
family                                                                                 
linear                 2.0  2.0  2.0  2.0  2.0  2.0        1.0  1.0  1.0  2.0  2.0  2.0
naive                  4.0  4.0  4.0  4.0  4.0  4.0        4.0  4.0  4.0  4.0  4.0  4.0
sequence               1.0  1.0  1.0  1.0  1.0  1.0        3.0  2.0  2.0  1.0  1.0  1.0
trees                  3.0  3.0  3.0  3.0  3.0  3.0        2.0  3.0  3.0  3.0  3.0  3.0
04:38:06 | INFO    | 17_ablation_analysis | mean arm gap by family (degraded cells only): {'sequence': -0.0427, 'trees': -0.0118, 'linear': -0.0038, 'naive': -0.002}
04:38:06 | INFO    | 17_ablation_analysis | paired arm-gap tests:
  Family  Pairs  Mean gap             95% CI  p (Wilcoxon)  p (Holm)
sequence     36   -0.0354 [-0.0549, -0.0180]        0.0003    0.0012
   trees     36   -0.0186 [-0.0311, -0.0061]        0.0020    0.0059
   naive     36   -0.0136 [-0.0346, +0.0010]        0.4140    0.8281
  linear     36    0.0011 [-0.0053, +0.0070]        0.6694    0.8281
05:12:30 | INFO    | 17_ablation_analysis | wrote fig11_gap_injection.png, fig11_gap_injection.pdf
05:12:30 | INFO    | 17_ablation_analysis | family ranks by arm and coverage:
arm             contiguous                          fragmented                         
target_coverage       0.75 0.82 0.85 0.90 0.95 1.00       0.75 0.82 0.85 0.90 0.95 1.00
family                                                                                 
linear                 2.0  2.0  2.0  2.0  2.0  2.0        1.0  1.0  1.0  2.0  2.0  2.0
naive                  4.0  4.0  4.0  4.0  4.0  4.0        4.0  4.0  4.0  4.0  4.0  4.0
sequence               1.0  1.0  1.0  1.0  1.0  1.0        2.0  2.0  2.0  1.0  1.0  1.0
trees                  3.0  3.0  3.0  3.0  3.0  3.0        3.0  3.0  3.0  3.0  3.0  3.0
05:12:30 | INFO    | 17_ablation_analysis | mean arm gap by family (degraded cells only): {'sequence': -0.0287, 'trees': -0.0109, 'naive': -0.0051, 'linear': -0.0033}
05:12:30 | INFO    | 17_ablation_analysis | paired arm-gap tests:
  Family  Pairs  Mean gap             95% CI  p (Wilcoxon)  p (Holm)
sequence     50   -0.0394 [-0.0565, -0.0236]        0.0000    0.0000
   naive     50   -0.0358 [-0.0609, -0.0140]        0.0043    0.0086
   trees     50   -0.0263 [-0.0393, -0.0125]        0.0001    0.0003
  linear     50   -0.0016 [-0.0081, +0.0047]        0.9542    0.9542
12:43:13 | INFO    | 17_ablation_analysis | wrote fig11_gap_injection.png, fig11_gap_injection.pdf
12:43:13 | INFO    | 17_ablation_analysis | family ranks by arm and coverage:
arm             contiguous                          fragmented                         
target_coverage       0.75 0.82 0.85 0.90 0.95 1.00       0.75 0.82 0.85 0.90 0.95 1.00
family                                                                                 
linear                 2.0  2.0  2.0  2.0  2.0  2.0        1.0  1.0  1.0  2.0  2.0  2.0
naive                  4.0  4.0  4.0  4.0  4.0  4.0        4.0  4.0  4.0  4.0  4.0  4.0
sequence               1.0  1.0  1.0  1.0  1.0  1.0        2.0  2.0  2.0  1.0  1.0  1.0
trees                  3.0  3.0  3.0  3.0  3.0  3.0        3.0  3.0  3.0  3.0  3.0  3.0
12:43:13 | INFO    | 17_ablation_analysis | mean arm gap by family (degraded cells only): {'sequence': -0.0287, 'trees': -0.0109, 'naive': -0.0051, 'linear': -0.0033}
12:43:13 | INFO    | 17_ablation_analysis | paired arm-gap tests:
  Family  Pairs  Mean gap             95% CI p (Wilcoxon) p (Holm)
sequence     50   -0.0394 [-0.0565, -0.0236]      <0.0001  <0.0001
   naive     50   -0.0358 [-0.0609, -0.0140]       0.0043   0.0086
   trees     50   -0.0263 [-0.0393, -0.0125]       0.0001   0.0003
  linear     50   -0.0016 [-0.0081, +0.0047]       0.9542   0.9542
14:04:09 | INFO    | 17_ablation_analysis | wrote fig11_gap_injection.png, fig11_gap_injection.pdf
14:04:09 | INFO    | 17_ablation_analysis | family ranks by arm and coverage:
arm             contiguous                          fragmented                         
target_coverage       0.75 0.82 0.85 0.90 0.95 1.00       0.75 0.82 0.85 0.90 0.95 1.00
family                                                                                 
linear                 2.0  2.0  2.0  2.0  2.0  2.0        1.0  1.0  1.0  2.0  2.0  2.0
naive                  4.0  4.0  4.0  4.0  4.0  4.0        4.0  4.0  4.0  4.0  4.0  4.0
sequence               1.0  1.0  1.0  1.0  1.0  1.0        2.0  2.0  2.0  1.0  1.0  1.0
trees                  3.0  3.0  3.0  3.0  3.0  3.0        3.0  3.0  3.0  3.0  3.0  3.0
14:04:09 | INFO    | 17_ablation_analysis | mean arm gap by family (degraded cells only): {'sequence': -0.0287, 'trees': -0.0109, 'naive': -0.0051, 'linear': -0.0033}
14:04:09 | INFO    | 17_ablation_analysis | paired arm-gap tests:
  Family  Pairs  Mean gap             95% CI p (Wilcoxon) p (Holm)
sequence     50   -0.0394 [-0.0565, -0.0236]      <0.0001  <0.0001
   naive     50   -0.0358 [-0.0609, -0.0140]       0.0043   0.0086
   trees     50   -0.0263 [-0.0393, -0.0125]       0.0001   0.0003
  linear     50   -0.0016 [-0.0081, +0.0047]       0.9542   0.9542
14:39:57 | INFO    | 17_ablation_analysis | wrote fig11_gap_injection.png, fig11_gap_injection.pdf
14:39:57 | INFO    | 17_ablation_analysis | family ranks by arm and coverage:
arm             contiguous                          fragmented                         
target_coverage       0.75 0.82 0.85 0.90 0.95 1.00       0.75 0.82 0.85 0.90 0.95 1.00
family                                                                                 
linear                 2.0  2.0  2.0  2.0  2.0  2.0        1.0  1.0  1.0  2.0  2.0  2.0
naive                  4.0  4.0  4.0  4.0  4.0  4.0        4.0  4.0  4.0  4.0  4.0  4.0
sequence               1.0  1.0  1.0  1.0  1.0  1.0        2.0  2.0  2.0  1.0  1.0  1.0
trees                  3.0  3.0  3.0  3.0  3.0  3.0        3.0  3.0  3.0  3.0  3.0  3.0
14:39:57 | INFO    | 17_ablation_analysis | mean arm gap by family (degraded cells only): {'sequence': -0.0287, 'trees': -0.0109, 'naive': -0.0051, 'linear': -0.0033}
14:39:57 | INFO    | 17_ablation_analysis | paired arm-gap tests:
  Family  Pairs  Mean gap             95% CI p (Wilcoxon) p (Holm)
sequence     50   -0.0394 [-0.0565, -0.0236]      <0.0001  <0.0001
   naive     50   -0.0358 [-0.0609, -0.0140]       0.0043   0.0086
   trees     50   -0.0263 [-0.0393, -0.0125]       0.0001   0.0003
  linear     50   -0.0016 [-0.0081, +0.0047]       0.9542   0.9542
14:47:25 | INFO    | 17_ablation_analysis | wrote fig11_gap_injection.png, fig11_gap_injection.pdf
14:47:25 | INFO    | 17_ablation_analysis | family ranks by arm and coverage:
arm             contiguous                          fragmented                         
target_coverage       0.75 0.82 0.85 0.90 0.95 1.00       0.75 0.82 0.85 0.90 0.95 1.00
family                                                                                 
linear                 2.0  2.0  2.0  2.0  2.0  2.0        1.0  1.0  1.0  2.0  2.0  2.0
naive                  4.0  4.0  4.0  4.0  4.0  4.0        4.0  4.0  4.0  4.0  4.0  4.0
sequence               1.0  1.0  1.0  1.0  1.0  1.0        2.0  2.0  2.0  1.0  1.0  1.0
trees                  3.0  3.0  3.0  3.0  3.0  3.0        3.0  3.0  3.0  3.0  3.0  3.0
14:47:25 | INFO    | 17_ablation_analysis | mean arm gap by family (degraded cells only): {'sequence': -0.0287, 'trees': -0.0109, 'naive': -0.0051, 'linear': -0.0033}
14:47:25 | INFO    | 17_ablation_analysis | paired arm-gap tests:
  Family  Pairs  Mean gap             95% CI p (Wilcoxon) p (Holm)
sequence     50   -0.0394 [-0.0565, -0.0236]      <0.0001  <0.0001
   naive     50   -0.0358 [-0.0609, -0.0140]       0.0043   0.0086
   trees     50   -0.0263 [-0.0393, -0.0125]       0.0001   0.0003
  linear     50   -0.0016 [-0.0081, +0.0047]       0.9542   0.9542
15:38:24 | INFO    | 17_ablation_analysis | wrote fig11_gap_injection.png, fig11_gap_injection.pdf
15:38:24 | INFO    | 17_ablation_analysis | family ranks by arm and coverage:
arm             contiguous                          fragmented                         
target_coverage       0.75 0.82 0.85 0.90 0.95 1.00       0.75 0.82 0.85 0.90 0.95 1.00
family                                                                                 
linear                 2.0  2.0  2.0  2.0  2.0  2.0        1.0  1.0  1.0  2.0  2.0  2.0
naive                  4.0  4.0  4.0  4.0  4.0  4.0        4.0  4.0  4.0  4.0  4.0  4.0
sequence               1.0  1.0  1.0  1.0  1.0  1.0        2.0  2.0  2.0  1.0  1.0  1.0
trees                  3.0  3.0  3.0  3.0  3.0  3.0        3.0  3.0  3.0  3.0  3.0  3.0
15:38:24 | INFO    | 17_ablation_analysis | mean arm gap by family (degraded cells only): {'sequence': -0.0287, 'trees': -0.0109, 'naive': -0.0051, 'linear': -0.0033}
15:38:24 | INFO    | 17_ablation_analysis | paired arm-gap tests:
  Family  Pairs  Mean gap             95% CI p (Wilcoxon) p (Holm)
sequence     50   -0.0394 [-0.0565, -0.0236]      <0.0001  <0.0001
   naive     50   -0.0358 [-0.0609, -0.0140]       0.0043   0.0086
   trees     50   -0.0263 [-0.0393, -0.0125]       0.0001   0.0003
  linear     50   -0.0016 [-0.0081, +0.0047]       0.9542   0.9542
16:10:48 | INFO    | 17_ablation_analysis | wrote fig11_gap_injection.png, fig11_gap_injection.pdf
16:10:48 | INFO    | 17_ablation_analysis | family ranks by arm and coverage:
arm             contiguous                          fragmented                         
target_coverage       0.75 0.82 0.85 0.90 0.95 1.00       0.75 0.82 0.85 0.90 0.95 1.00
family                                                                                 
linear                 2.0  2.0  2.0  2.0  2.0  2.0        1.0  1.0  1.0  2.0  2.0  2.0
naive                  4.0  4.0  4.0  4.0  4.0  4.0        4.0  4.0  4.0  4.0  4.0  4.0
sequence               1.0  1.0  1.0  1.0  1.0  1.0        2.0  2.0  2.0  1.0  1.0  1.0
trees                  3.0  3.0  3.0  3.0  3.0  3.0        3.0  3.0  3.0  3.0  3.0  3.0
16:10:48 | INFO    | 17_ablation_analysis | mean arm gap by family (degraded cells only): {'sequence': -0.0287, 'trees': -0.0109, 'naive': -0.0051, 'linear': -0.0033}
16:10:48 | INFO    | 17_ablation_analysis | paired arm-gap tests:
  Family  Pairs  Mean gap             95% CI p (Wilcoxon) p (Holm)
sequence     50   -0.0394 [-0.0565, -0.0236]      <0.0001  <0.0001
   naive     50   -0.0358 [-0.0609, -0.0140]       0.0043   0.0086
   trees     50   -0.0263 [-0.0393, -0.0125]       0.0001   0.0003
  linear     50   -0.0016 [-0.0081, +0.0047]       0.9542   0.9542
18:00:50 | INFO    | 17_ablation_analysis | wrote fig11_gap_injection.png, fig11_gap_injection.pdf
18:00:50 | INFO    | 17_ablation_analysis | family ranks by arm and coverage:
arm             contiguous                          fragmented                         
target_coverage       0.75 0.82 0.85 0.90 0.95 1.00       0.75 0.82 0.85 0.90 0.95 1.00
family                                                                                 
linear                 2.0  2.0  2.0  2.0  2.0  2.0        1.0  1.0  1.0  2.0  2.0  2.0
naive                  4.0  4.0  4.0  4.0  4.0  4.0        4.0  4.0  4.0  4.0  4.0  4.0
sequence               1.0  1.0  1.0  1.0  1.0  1.0        2.0  2.0  2.0  1.0  1.0  1.0
trees                  3.0  3.0  3.0  3.0  3.0  3.0        3.0  3.0  3.0  3.0  3.0  3.0
18:00:50 | INFO    | 17_ablation_analysis | mean arm gap by family (degraded cells only): {'sequence': -0.0287, 'trees': -0.0109, 'naive': -0.0051, 'linear': -0.0033}
18:00:50 | INFO    | 17_ablation_analysis | paired arm-gap tests:
  Family  Pairs  Mean gap             95% CI p (Wilcoxon) p (Holm)
sequence     50   -0.0394 [-0.0565, -0.0236]      <0.0001  <0.0001
   naive     50   -0.0358 [-0.0609, -0.0140]       0.0043   0.0086
   trees     50   -0.0263 [-0.0393, -0.0125]       0.0001   0.0003
  linear     50   -0.0016 [-0.0081, +0.0047]       0.9542   0.9542
18:34:44 | INFO    | 17_ablation_analysis | wrote fig11_gap_injection.png, fig11_gap_injection.pdf
18:34:44 | INFO    | 17_ablation_analysis | family ranks by arm and coverage:
arm             contiguous                          fragmented                         
target_coverage       0.75 0.82 0.85 0.90 0.95 1.00       0.75 0.82 0.85 0.90 0.95 1.00
family                                                                                 
linear                 2.0  2.0  2.0  2.0  2.0  2.0        1.0  1.0  1.0  2.0  2.0  2.0
naive                  4.0  4.0  4.0  4.0  4.0  4.0        4.0  4.0  4.0  4.0  4.0  4.0
sequence               1.0  1.0  1.0  1.0  1.0  1.0        2.0  2.0  2.0  1.0  1.0  1.0
trees                  3.0  3.0  3.0  3.0  3.0  3.0        3.0  3.0  3.0  3.0  3.0  3.0
18:34:44 | INFO    | 17_ablation_analysis | mean arm gap by family (degraded cells only): {'sequence': -0.0287, 'trees': -0.0109, 'naive': -0.0051, 'linear': -0.0033}
18:34:44 | INFO    | 17_ablation_analysis | paired arm-gap tests:
  Family  Pairs  Mean gap             95% CI p (Wilcoxon) p (Holm)
sequence     50   -0.0394 [-0.0565, -0.0236]      <0.0001  <0.0001
   naive     50   -0.0358 [-0.0609, -0.0140]       0.0043   0.0086
   trees     50   -0.0263 [-0.0393, -0.0125]       0.0001   0.0003
  linear     50   -0.0016 [-0.0081, +0.0047]       0.9542   0.9542
22:05:28 | INFO    | 17_ablation_analysis | wrote fig11_gap_injection.png, fig11_gap_injection.pdf
22:05:28 | INFO    | 17_ablation_analysis | family ranks by arm and coverage:
arm             contiguous                          fragmented                         
target_coverage       0.75 0.82 0.85 0.90 0.95 1.00       0.75 0.82 0.85 0.90 0.95 1.00
family                                                                                 
linear                 2.0  2.0  2.0  2.0  2.0  2.0        2.0  2.0  2.0  2.0  2.0  2.0
naive                  4.0  4.0  4.0  4.0  4.0  4.0        4.0  4.0  4.0  4.0  4.0  4.0
sequence               1.0  1.0  1.0  1.0  1.0  1.0        1.0  1.0  1.0  1.0  1.0  1.0
trees                  3.0  3.0  3.0  3.0  3.0  3.0        3.0  3.0  3.0  3.0  3.0  3.0
22:05:28 | INFO    | 17_ablation_analysis | mean arm gap by family (degraded cells only): {'sequence': -0.0187, 'linear': -0.0179, 'trees': -0.012, 'naive': 0.0019}
22:05:28 | INFO    | 17_ablation_analysis | paired arm-gap tests:
  Family  Pairs  Mean gap             95% CI p (Wilcoxon) p (Holm)
  linear     50   -0.0298 [-0.0427, -0.0182]      <0.0001  <0.0001
sequence     50   -0.0200 [-0.0300, -0.0108]       0.0001   0.0003
   trees     50   -0.0120 [-0.0205, -0.0040]       0.0290   0.0580
   naive     50   -0.0024 [-0.0273, +0.0215]       0.1910   0.1910
01:12:54 | INFO    | 17_ablation_analysis | wrote fig11_gap_injection.png, fig11_gap_injection.pdf
01:12:54 | INFO    | 17_ablation_analysis | family ranks by arm and coverage:
arm             contiguous                          fragmented                         
target_coverage       0.75 0.82 0.85 0.90 0.95 1.00       0.75 0.82 0.85 0.90 0.95 1.00
family                                                                                 
linear                 2.0  2.0  2.0  2.0  2.0  2.0        1.0  1.0  2.0  1.0  2.0  2.0
naive                  3.0  3.0  3.0  3.0  4.0  3.0        3.0  3.0  3.0  3.0  3.0  3.0
sequence               1.0  1.0  1.0  1.0  1.0  1.0        2.0  2.0  1.0  2.0  1.0  1.0
trees                  4.0  4.0  4.0  4.0  3.0  4.0        4.0  4.0  4.0  4.0  4.0  4.0
01:12:54 | INFO    | 17_ablation_analysis | mean arm gap by family (degraded cells only): {'sequence': -0.0234, 'linear': -0.0205, 'trees': -0.0163, 'naive': -0.0072}
01:12:54 | INFO    | 17_ablation_analysis | paired arm-gap tests:
  Family  Pairs  Mean gap             95% CI p (Wilcoxon) p (Holm)
sequence     50   -0.0273 [-0.0412, -0.0139]       0.0005   0.0015
   naive     50   -0.0211 [-0.0331, -0.0106]       0.0003   0.0014
  linear     50   -0.0205 [-0.0322, -0.0092]       0.0011   0.0022
   trees     50   -0.0179 [-0.0326, -0.0026]       0.0045   0.0045
02:28:03 | INFO    | 17_ablation_analysis | wrote fig11_gap_injection.png, fig11_gap_injection.pdf
02:28:03 | INFO    | 17_ablation_analysis | family ranks by arm and coverage:
arm             contiguous                          fragmented                         
target_coverage       0.75 0.82 0.85 0.90 0.95 1.00       0.75 0.82 0.85 0.90 0.95 1.00
family                                                                                 
linear                 2.0  2.0  2.0  2.0  2.0  2.0        1.0  1.0  1.0  2.0  2.0  2.0
naive                  4.0  4.0  4.0  4.0  4.0  4.0        4.0  4.0  4.0  4.0  4.0  4.0
sequence               1.0  1.0  1.0  1.0  1.0  1.0        2.0  2.0  2.0  1.0  1.0  1.0
trees                  3.0  3.0  3.0  3.0  3.0  3.0        3.0  3.0  3.0  3.0  3.0  3.0
02:28:04 | INFO    | 17_ablation_analysis | mean arm gap by family (degraded cells only): {'sequence': -0.0287, 'trees': -0.0109, 'naive': -0.0051, 'linear': -0.0033}
02:28:04 | INFO    | 17_ablation_analysis | paired arm-gap tests:
  Family  Pairs  Mean gap             95% CI p (Wilcoxon) p (Holm)
sequence     50   -0.0394 [-0.0565, -0.0236]      <0.0001  <0.0001
   naive     50   -0.0358 [-0.0609, -0.0140]       0.0043   0.0086
   trees     50   -0.0263 [-0.0393, -0.0125]       0.0001   0.0003
  linear     50   -0.0016 [-0.0081, +0.0047]       0.9542   0.9542
02:30:39 | INFO    | 17_ablation_analysis | wrote fig11_gap_injection.png, fig11_gap_injection.pdf
02:30:39 | INFO    | 17_ablation_analysis | family ranks by arm and coverage:
arm             contiguous                          fragmented                         
target_coverage       0.75 0.82 0.85 0.90 0.95 1.00       0.75 0.82 0.85 0.90 0.95 1.00
family                                                                                 
linear                 2.0  2.0  2.0  2.0  2.0  2.0        2.0  2.0  2.0  2.0  2.0  2.0
naive                  4.0  4.0  4.0  4.0  4.0  4.0        4.0  4.0  4.0  4.0  4.0  4.0
sequence               1.0  1.0  1.0  1.0  1.0  1.0        1.0  1.0  1.0  1.0  1.0  1.0
trees                  3.0  3.0  3.0  3.0  3.0  3.0        3.0  3.0  3.0  3.0  3.0  3.0
02:30:39 | INFO    | 17_ablation_analysis | mean arm gap by family (degraded cells only): {'sequence': -0.0187, 'linear': -0.0179, 'trees': -0.012, 'naive': 0.0019}
02:30:39 | INFO    | 17_ablation_analysis | paired arm-gap tests:
  Family  Pairs  Mean gap             95% CI p (Wilcoxon) p (Holm)
  linear     50   -0.0298 [-0.0427, -0.0182]      <0.0001  <0.0001
sequence     50   -0.0200 [-0.0300, -0.0108]       0.0001   0.0003
   trees     50   -0.0120 [-0.0205, -0.0040]       0.0290   0.0580
   naive     50   -0.0024 [-0.0273, +0.0215]       0.1910   0.1910
02:30:45 | INFO    | 17_ablation_analysis | wrote fig11_gap_injection.png, fig11_gap_injection.pdf
02:30:45 | INFO    | 17_ablation_analysis | family ranks by arm and coverage:
arm             contiguous                          fragmented                         
target_coverage       0.75 0.82 0.85 0.90 0.95 1.00       0.75 0.82 0.85 0.90 0.95 1.00
family                                                                                 
linear                 2.0  2.0  2.0  2.0  2.0  2.0        1.0  1.0  2.0  1.0  2.0  2.0
naive                  3.0  3.0  3.0  3.0  4.0  3.0        3.0  3.0  3.0  3.0  3.0  3.0
sequence               1.0  1.0  1.0  1.0  1.0  1.0        2.0  2.0  1.0  2.0  1.0  1.0
trees                  4.0  4.0  4.0  4.0  3.0  4.0        4.0  4.0  4.0  4.0  4.0  4.0
02:30:45 | INFO    | 17_ablation_analysis | mean arm gap by family (degraded cells only): {'sequence': -0.0234, 'linear': -0.0205, 'trees': -0.0163, 'naive': -0.0072}
02:30:45 | INFO    | 17_ablation_analysis | paired arm-gap tests:
  Family  Pairs  Mean gap             95% CI p (Wilcoxon) p (Holm)
sequence     50   -0.0273 [-0.0412, -0.0139]       0.0005   0.0015
   naive     50   -0.0211 [-0.0331, -0.0106]       0.0003   0.0014
  linear     50   -0.0205 [-0.0322, -0.0092]       0.0011   0.0022
   trees     50   -0.0179 [-0.0326, -0.0026]       0.0045   0.0045
11:59:02 | INFO    | 17_ablation_analysis | wrote fig11_gap_injection.png, fig11_gap_injection.pdf
11:59:02 | INFO    | 17_ablation_analysis | family ranks by arm and coverage:
arm             contiguous                          fragmented                         
target_coverage       0.75 0.82 0.85 0.90 0.95 1.00       0.75 0.82 0.85 0.90 0.95 1.00
family                                                                                 
climatological         4.0  4.0  4.0  4.0  4.0  4.0        4.0  4.0  4.0  4.0  4.0  4.0
linear                 2.0  2.0  2.0  2.0  2.0  2.0        1.0  1.0  1.0  2.0  2.0  2.0
sequence               1.0  1.0  1.0  1.0  1.0  1.0        2.0  2.0  2.0  1.0  1.0  1.0
trees                  3.0  3.0  3.0  3.0  3.0  3.0        3.0  3.0  3.0  3.0  3.0  3.0
11:59:02 | INFO    | 17_ablation_analysis | mean arm gap by family (degraded cells only): {'sequence': -0.0287, 'trees': -0.0109, 'climatological': -0.0051, 'linear': -0.0033}
11:59:02 | INFO    | 17_ablation_analysis | paired arm-gap tests:
        Family  Pairs  Mean gap             95% CI p (Wilcoxon) p (Holm)
      sequence     50   -0.0394 [-0.0565, -0.0236]      <0.0001  <0.0001
climatological     50   -0.0358 [-0.0609, -0.0140]       0.0043   0.0086
         trees     50   -0.0263 [-0.0393, -0.0125]       0.0001   0.0003
        linear     50   -0.0016 [-0.0081, +0.0047]       0.9542   0.9542
11:59:03 | INFO    | 17_ablation_analysis | family contrasts:
        Family  Units  Mean contrast  Median             95% CI p (Wilcoxon) p (Holm)
        linear     50        -0.0379 -0.0321 [-0.0538, -0.0232]      <0.0001  <0.0001
         trees     50        -0.0131 -0.0016 [-0.0320, +0.0045]       0.4490   0.4490
climatological     50        -0.0037 -0.0192 [-0.0273, +0.0216]       0.1381   0.2761
11:59:03 | INFO    | 17_ablation_analysis | dose-response:
        Family  Units  Gap per 10pp lost             95% CI p (Wilcoxon) p (Holm)
climatological     10            -0.0517 [-0.0945, -0.0168]       0.0098   0.0391
      sequence     10            -0.0397 [-0.0662, -0.0145]       0.0488   0.1465
         trees     10            -0.0169 [-0.0323, +0.0034]       0.0840   0.1680
        linear     10            -0.0009 [-0.0092, +0.0075]       0.9219   0.9219
11:59:03 | INFO    | 17_ablation_analysis | persistence RMSE invariant across 102 cells (spread 0.00e+00)
12:13:24 | INFO    | 17_ablation_analysis | wrote fig11_gap_injection.png, fig11_gap_injection.pdf
12:13:24 | INFO    | 17_ablation_analysis | family ranks by arm and coverage:
arm             contiguous                          fragmented                         
target_coverage       0.75 0.82 0.85 0.90 0.95 1.00       0.75 0.82 0.85 0.90 0.95 1.00
family                                                                                 
climatological         4.0  4.0  4.0  4.0  4.0  4.0        4.0  4.0  4.0  4.0  4.0  4.0
linear                 2.0  2.0  2.0  2.0  2.0  2.0        1.0  1.0  1.0  2.0  2.0  2.0
sequence               1.0  1.0  1.0  1.0  1.0  1.0        2.0  2.0  2.0  1.0  1.0  1.0
trees                  3.0  3.0  3.0  3.0  3.0  3.0        3.0  3.0  3.0  3.0  3.0  3.0
12:13:24 | INFO    | 17_ablation_analysis | mean arm gap by family (degraded cells only): {'sequence': -0.0287, 'trees': -0.0109, 'climatological': -0.005, 'linear': -0.0033}
12:13:24 | INFO    | 17_ablation_analysis | paired arm-gap tests:
        Family  Pairs  Mean gap             95% CI p (Wilcoxon) p (Holm)
      sequence     50   -0.0394 [-0.0565, -0.0236]      <0.0001  <0.0001
climatological     50   -0.0356 [-0.0607, -0.0139]       0.0052   0.0105
         trees     50   -0.0263 [-0.0393, -0.0125]       0.0001   0.0003
        linear     50   -0.0016 [-0.0081, +0.0047]       0.9542   0.9542
12:13:25 | INFO    | 17_ablation_analysis | family contrasts:
        Family  Units  Mean contrast  Median             95% CI p (Wilcoxon) p (Holm)
        linear     50        -0.0379 -0.0321 [-0.0538, -0.0232]      <0.0001  <0.0001
         trees     50        -0.0131 -0.0016 [-0.0320, +0.0045]       0.4490   0.4490
climatological     50        -0.0038 -0.0193 [-0.0274, +0.0215]       0.1280   0.2560
12:13:25 | INFO    | 17_ablation_analysis | dose-response:
        Family  Units  Gap per 10pp lost             95% CI p (Wilcoxon) p (Holm)
climatological     10            -0.0520 [-0.0948, -0.0171]       0.0039   0.0156
      sequence     10            -0.0397 [-0.0662, -0.0145]       0.0488   0.1465
         trees     10            -0.0169 [-0.0323, +0.0034]       0.0840   0.1680
        linear     10            -0.0009 [-0.0092, +0.0075]       0.9219   0.9219
12:13:25 | INFO    | 17_ablation_analysis | persistence RMSE invariant across 102 cells (spread 0.00e+00)
13:30:48 | INFO    | 17_ablation_analysis | wrote fig11_gap_injection.png, fig11_gap_injection.pdf
13:30:48 | INFO    | 17_ablation_analysis | family ranks by arm and coverage:
arm             contiguous                          fragmented                         
target_coverage       0.75 0.82 0.85 0.90 0.95 1.00       0.75 0.82 0.85 0.90 0.95 1.00
family                                                                                 
climatological         4.0  4.0  4.0  4.0  4.0  4.0        4.0  4.0  4.0  4.0  4.0  4.0
linear                 2.0  2.0  2.0  2.0  2.0  2.0        1.0  1.0  1.0  2.0  2.0  2.0
sequence               1.0  1.0  1.0  1.0  1.0  1.0        2.0  2.0  2.0  1.0  1.0  1.0
trees                  3.0  3.0  3.0  3.0  3.0  3.0        3.0  3.0  3.0  3.0  3.0  3.0
13:30:49 | INFO    | 17_ablation_analysis | mean arm gap by family (degraded cells only): {'sequence': -0.0287, 'trees': -0.0109, 'climatological': -0.0054, 'linear': -0.0041}
13:30:49 | INFO    | 17_ablation_analysis | paired arm-gap tests:
        Family  Pairs  Mean gap             95% CI p (Wilcoxon) p (Holm)
      sequence     50   -0.0394 [-0.0565, -0.0236]      <0.0001  <0.0001
climatological     50   -0.0356 [-0.0608, -0.0137]       0.0056   0.0112
         trees     50   -0.0263 [-0.0393, -0.0125]       0.0001   0.0003
        linear     50   -0.0016 [-0.0081, +0.0047]       0.9542   0.9542
13:30:50 | INFO    | 17_ablation_analysis | family contrasts:
        Family  Units  Mean contrast  Median             95% CI p (Wilcoxon) p (Holm)
        linear     50        -0.0379 -0.0321 [-0.0538, -0.0232]      <0.0001  <0.0001
         trees     50        -0.0131 -0.0016 [-0.0320, +0.0045]       0.4490   0.4490
climatological     50        -0.0039 -0.0188 [-0.0278, +0.0215]       0.1305   0.2609
13:30:50 | INFO    | 17_ablation_analysis | dose-response:
        Family  Units  Gap per 10pp lost             95% CI p (Wilcoxon) p (Holm)
climatological     10            -0.0514 [-0.0942, -0.0166]       0.0098   0.0391
      sequence     10            -0.0397 [-0.0662, -0.0145]       0.0488   0.1465
         trees     10            -0.0169 [-0.0323, +0.0034]       0.0840   0.1680
        linear     10            -0.0009 [-0.0092, +0.0075]       0.9219   0.9219
13:30:50 | INFO    | 17_ablation_analysis | persistence RMSE invariant across 102 cells (spread 0.00e+00)
