12:46:48 | INFO    | 21_lookback_frontier | === arm C: cap 168, floor 168 ===
12:46:48 | INFO    | 21_lookback_frontier | contiguity: 296 runs after 3h ffill, longest 4283 h
12:46:49 | INFO    | 21_lookback_frontier | h=  1:  42732 valid rows  (rejected: no-run 10766, short-history 24592, target-past-run-end 89, target-imputed 1037)
12:46:49 | INFO    | 21_lookback_frontier | h=  3:  42568 valid rows  (rejected: no-run 10766, short-history 24592, target-past-run-end 265, target-imputed 1025)
12:46:49 | INFO    | 21_lookback_frontier | h=  6:  42317 valid rows  (rejected: no-run 10766, short-history 24592, target-past-run-end 528, target-imputed 1013)
12:46:49 | INFO    | 21_lookback_frontier | h= 12:  41829 valid rows  (rejected: no-run 10766, short-history 24592, target-past-run-end 1042, target-imputed 987)
12:46:49 | INFO    | 21_lookback_frontier | h= 24:  40877 valid rows  (rejected: no-run 10766, short-history 24592, target-past-run-end 2030, target-imputed 951)
12:46:49 | INFO    | 21_lookback_frontier | built 102 predictor columns (max backward dependency 168 h)
12:46:49 | INFO    | 21_lookback_frontier | split: train 2016-03-10 to 2022-07-08, val to 2023-11-15, test to 2025-03-24 (chronological, no shuffling)
12:46:49 | INFO    | 21_lookback_frontier | h=  1: boundary purge removed 52 rows (42732 -> 42680)
12:46:49 | INFO    | 21_lookback_frontier | h=  3: boundary purge removed 52 rows (42568 -> 42516)
12:46:49 | INFO    | 21_lookback_frontier | h=  6: boundary purge removed 52 rows (42317 -> 42265)
12:46:49 | INFO    | 21_lookback_frontier | h= 12: boundary purge removed 52 rows (41829 -> 41777)
12:46:49 | INFO    | 21_lookback_frontier | h= 24: boundary purge removed 52 rows (40877 -> 40825)
12:46:49 | INFO    | 21_lookback_frontier | scaler fitted on 55451 training rows over 102 predictors
12:46:49 | INFO    | 21_lookback_frontier | wrote F:\BUP\data\interim\lookback\C\processed\features.parquet (79216 rows, 169 cols)
12:46:49 | INFO    | 21_lookback_frontier | universe: 10880 test hours, persistence RMSE 71.2545
12:46:50 | INFO    | 21_lookback_frontier |   served 9083 of 10880 universe hours (0.8348)
12:46:50 | INFO    | 21_lookback_frontier |     ridge          RMSE   59.37  (served rows)
12:46:58 | INFO    | 21_lookback_frontier |     random_forest  RMSE   58.50  (served rows)
12:47:00 | INFO    | 21_lookback_frontier |     xgboost        RMSE   58.62  (served rows)
12:47:03 | INFO    | 21_lookback_frontier |     lightgbm       RMSE   59.02  (served rows)
12:47:03 | INFO    | 21_lookback_frontier | wrote F:\BUP\results\lookback_frontier.json and the prediction bundle
12:47:39 | INFO    | 21_lookback_frontier | === arm C: cap 168, floor 168 ===
12:47:39 | INFO    | 21_lookback_frontier | contiguity: 296 runs after 3h ffill, longest 4283 h
12:47:40 | INFO    | 21_lookback_frontier | h=  1:  42732 valid rows  (rejected: no-run 10766, short-history 24592, target-past-run-end 89, target-imputed 1037)
12:47:40 | INFO    | 21_lookback_frontier | h=  3:  42568 valid rows  (rejected: no-run 10766, short-history 24592, target-past-run-end 265, target-imputed 1025)
12:47:40 | INFO    | 21_lookback_frontier | h=  6:  42317 valid rows  (rejected: no-run 10766, short-history 24592, target-past-run-end 528, target-imputed 1013)
12:47:40 | INFO    | 21_lookback_frontier | h= 12:  41829 valid rows  (rejected: no-run 10766, short-history 24592, target-past-run-end 1042, target-imputed 987)
12:47:40 | INFO    | 21_lookback_frontier | h= 24:  40877 valid rows  (rejected: no-run 10766, short-history 24592, target-past-run-end 2030, target-imputed 951)
12:47:40 | INFO    | 21_lookback_frontier | built 102 predictor columns (max backward dependency 168 h)
12:47:40 | INFO    | 21_lookback_frontier | split: train 2016-03-10 to 2022-07-08, val to 2023-11-15, test to 2025-03-24 (chronological, no shuffling)
12:47:40 | INFO    | 21_lookback_frontier | h=  1: boundary purge removed 52 rows (42732 -> 42680)
12:47:40 | INFO    | 21_lookback_frontier | h=  3: boundary purge removed 52 rows (42568 -> 42516)
12:47:40 | INFO    | 21_lookback_frontier | h=  6: boundary purge removed 52 rows (42317 -> 42265)
12:47:40 | INFO    | 21_lookback_frontier | h= 12: boundary purge removed 52 rows (41829 -> 41777)
12:47:40 | INFO    | 21_lookback_frontier | h= 24: boundary purge removed 52 rows (40877 -> 40825)
12:47:40 | INFO    | 21_lookback_frontier | scaler fitted on 55451 training rows over 102 predictors
12:47:42 | INFO    | 21_lookback_frontier | wrote F:\BUP\data\interim\lookback\C\processed\features.parquet (79216 rows, 169 cols)
12:47:42 | INFO    | 21_lookback_frontier | universe: 10880 test hours, persistence RMSE 71.2545
12:47:42 | INFO    | 21_lookback_frontier |   served 9083 of 10880 universe hours (0.8348)
12:47:43 | INFO    | 21_lookback_frontier |     ridge          RMSE   59.37  (served rows)
12:47:51 | INFO    | 21_lookback_frontier |     random_forest  RMSE   58.50  (served rows)
12:47:53 | INFO    | 21_lookback_frontier |     xgboost        RMSE   58.62  (served rows)
12:47:56 | INFO    | 21_lookback_frontier |     lightgbm       RMSE   59.02  (served rows)
12:47:56 | INFO    | 21_lookback_frontier | === arm B48: cap 48, floor 168 ===
12:47:56 | INFO    | 21_lookback_frontier | contiguity: 296 runs after 3h ffill, longest 4283 h
12:47:56 | INFO    | 21_lookback_frontier | h=  1:  42732 valid rows  (rejected: no-run 10766, short-history 24592, target-past-run-end 89, target-imputed 1037)
12:47:56 | INFO    | 21_lookback_frontier | h=  3:  42568 valid rows  (rejected: no-run 10766, short-history 24592, target-past-run-end 265, target-imputed 1025)
12:47:56 | INFO    | 21_lookback_frontier | h=  6:  42317 valid rows  (rejected: no-run 10766, short-history 24592, target-past-run-end 528, target-imputed 1013)
12:47:56 | INFO    | 21_lookback_frontier | h= 12:  41829 valid rows  (rejected: no-run 10766, short-history 24592, target-past-run-end 1042, target-imputed 987)
12:47:56 | INFO    | 21_lookback_frontier | h= 24:  40877 valid rows  (rejected: no-run 10766, short-history 24592, target-past-run-end 2030, target-imputed 951)
12:47:56 | INFO    | 21_lookback_frontier | built 97 predictor columns (max backward dependency 48 h)
12:47:56 | INFO    | 21_lookback_frontier | split: train 2016-03-10 to 2022-07-08, val to 2023-11-15, test to 2025-03-24 (chronological, no shuffling)
12:47:56 | INFO    | 21_lookback_frontier | h=  1: boundary purge removed 52 rows (42732 -> 42680)
12:47:56 | INFO    | 21_lookback_frontier | h=  3: boundary purge removed 52 rows (42568 -> 42516)
12:47:56 | INFO    | 21_lookback_frontier | h=  6: boundary purge removed 52 rows (42317 -> 42265)
12:47:56 | INFO    | 21_lookback_frontier | h= 12: boundary purge removed 52 rows (41829 -> 41777)
12:47:56 | INFO    | 21_lookback_frontier | h= 24: boundary purge removed 52 rows (40877 -> 40825)
12:47:56 | INFO    | 21_lookback_frontier | scaler fitted on 55451 training rows over 97 predictors
12:47:57 | INFO    | 21_lookback_frontier | wrote F:\BUP\data\interim\lookback\B48\processed\features.parquet (79216 rows, 164 cols)
12:47:57 | INFO    | 21_lookback_frontier |   served 9083 of 10880 universe hours (0.8348)
12:47:57 | INFO    | 21_lookback_frontier |     ridge          RMSE   59.54  (served rows)
12:48:05 | INFO    | 21_lookback_frontier |     random_forest  RMSE   58.37  (served rows)
12:48:07 | INFO    | 21_lookback_frontier |     xgboost        RMSE   58.47  (served rows)
12:48:09 | INFO    | 21_lookback_frontier |     lightgbm       RMSE   58.43  (served rows)
12:48:09 | INFO    | 21_lookback_frontier | === arm A48: cap 48, floor 48 ===
12:48:09 | INFO    | 21_lookback_frontier | contiguity: 296 runs after 3h ffill, longest 4283 h
12:48:10 | INFO    | 21_lookback_frontier | h=  1:  56203 valid rows  (rejected: no-run 10766, short-history 10220, target-past-run-end 165, target-imputed 1862)
12:48:10 | INFO    | 21_lookback_frontier | h=  3:  55917 valid rows  (rejected: no-run 10766, short-history 10220, target-past-run-end 489, target-imputed 1824)
12:48:10 | INFO    | 21_lookback_frontier | h=  6:  55490 valid rows  (rejected: no-run 10766, short-history 10220, target-past-run-end 960, target-imputed 1780)
12:48:10 | INFO    | 21_lookback_frontier | h= 12:  54634 valid rows  (rejected: no-run 10766, short-history 10220, target-past-run-end 1882, target-imputed 1714)
12:48:10 | INFO    | 21_lookback_frontier | h= 24:  53006 valid rows  (rejected: no-run 10766, short-history 10220, target-past-run-end 3632, target-imputed 1592)
12:48:10 | INFO    | 21_lookback_frontier | built 97 predictor columns (max backward dependency 48 h)
12:48:10 | INFO    | 21_lookback_frontier | split: train 2016-03-10 to 2022-07-08, val to 2023-11-15, test to 2025-03-24 (chronological, no shuffling)
12:48:10 | INFO    | 21_lookback_frontier | h=  1: boundary purge removed 48 rows (56203 -> 56155)
12:48:10 | INFO    | 21_lookback_frontier | h=  3: boundary purge removed 50 rows (55917 -> 55867)
12:48:10 | INFO    | 21_lookback_frontier | h=  6: boundary purge removed 51 rows (55490 -> 55439)
12:48:10 | INFO    | 21_lookback_frontier | h= 12: boundary purge removed 51 rows (54634 -> 54583)
12:48:10 | INFO    | 21_lookback_frontier | h= 24: boundary purge removed 52 rows (53006 -> 52954)
12:48:10 | INFO    | 21_lookback_frontier | scaler fitted on 55451 training rows over 97 predictors
12:48:11 | INFO    | 21_lookback_frontier | wrote F:\BUP\data\interim\lookback\A48\processed\features.parquet (79216 rows, 164 cols)
12:48:11 | INFO    | 21_lookback_frontier |   served 10363 of 10880 universe hours (0.9525)
12:48:11 | INFO    | 21_lookback_frontier |     ridge          RMSE   58.01  (served rows)
12:48:22 | INFO    | 21_lookback_frontier |     random_forest  RMSE   56.81  (served rows)
12:48:24 | INFO    | 21_lookback_frontier |     xgboost        RMSE   56.93  (served rows)
12:48:27 | INFO    | 21_lookback_frontier |     lightgbm       RMSE   57.03  (served rows)
12:48:27 | INFO    | 21_lookback_frontier | === arm B24: cap 24, floor 168 ===
12:48:27 | INFO    | 21_lookback_frontier | contiguity: 296 runs after 3h ffill, longest 4283 h
12:48:27 | INFO    | 21_lookback_frontier | h=  1:  42732 valid rows  (rejected: no-run 10766, short-history 24592, target-past-run-end 89, target-imputed 1037)
12:48:27 | INFO    | 21_lookback_frontier | h=  3:  42568 valid rows  (rejected: no-run 10766, short-history 24592, target-past-run-end 265, target-imputed 1025)
12:48:27 | INFO    | 21_lookback_frontier | h=  6:  42317 valid rows  (rejected: no-run 10766, short-history 24592, target-past-run-end 528, target-imputed 1013)
12:48:27 | INFO    | 21_lookback_frontier | h= 12:  41829 valid rows  (rejected: no-run 10766, short-history 24592, target-past-run-end 1042, target-imputed 987)
12:48:27 | INFO    | 21_lookback_frontier | h= 24:  40877 valid rows  (rejected: no-run 10766, short-history 24592, target-past-run-end 2030, target-imputed 951)
12:48:27 | INFO    | 21_lookback_frontier | built 96 predictor columns (max backward dependency 24 h)
12:48:27 | INFO    | 21_lookback_frontier | split: train 2016-03-10 to 2022-07-08, val to 2023-11-15, test to 2025-03-24 (chronological, no shuffling)
12:48:27 | INFO    | 21_lookback_frontier | h=  1: boundary purge removed 52 rows (42732 -> 42680)
12:48:27 | INFO    | 21_lookback_frontier | h=  3: boundary purge removed 52 rows (42568 -> 42516)
12:48:27 | INFO    | 21_lookback_frontier | h=  6: boundary purge removed 52 rows (42317 -> 42265)
12:48:27 | INFO    | 21_lookback_frontier | h= 12: boundary purge removed 52 rows (41829 -> 41777)
12:48:27 | INFO    | 21_lookback_frontier | h= 24: boundary purge removed 52 rows (40877 -> 40825)
12:48:27 | INFO    | 21_lookback_frontier | scaler fitted on 55451 training rows over 96 predictors
12:48:28 | INFO    | 21_lookback_frontier | wrote F:\BUP\data\interim\lookback\B24\processed\features.parquet (79216 rows, 163 cols)
12:48:28 | INFO    | 21_lookback_frontier |   served 9083 of 10880 universe hours (0.8348)
12:48:28 | INFO    | 21_lookback_frontier |     ridge          RMSE   59.60  (served rows)
12:48:36 | INFO    | 21_lookback_frontier |     random_forest  RMSE   58.39  (served rows)
12:48:38 | INFO    | 21_lookback_frontier |     xgboost        RMSE   58.45  (served rows)
12:48:40 | INFO    | 21_lookback_frontier |     lightgbm       RMSE   58.57  (served rows)
12:48:40 | INFO    | 21_lookback_frontier | === arm A24: cap 24, floor 24 ===
12:48:40 | INFO    | 21_lookback_frontier | contiguity: 296 runs after 3h ffill, longest 4283 h
12:48:41 | INFO    | 21_lookback_frontier | h=  1:  60085 valid rows  (rejected: no-run 10766, short-history 5837, target-past-run-end 206, target-imputed 2322)
12:48:41 | INFO    | 21_lookback_frontier | h=  3:  59762 valid rows  (rejected: no-run 10766, short-history 5837, target-past-run-end 609, target-imputed 2242)
12:48:41 | INFO    | 21_lookback_frontier | h=  6:  59258 valid rows  (rejected: no-run 10766, short-history 5837, target-past-run-end 1176, target-imputed 2179)
12:48:41 | INFO    | 21_lookback_frontier | h= 12:  58259 valid rows  (rejected: no-run 10766, short-history 5837, target-past-run-end 2276, target-imputed 2078)
12:48:41 | INFO    | 21_lookback_frontier | h= 24:  56346 valid rows  (rejected: no-run 10766, short-history 5837, target-past-run-end 4383, target-imputed 1884)
12:48:41 | INFO    | 21_lookback_frontier | built 96 predictor columns (max backward dependency 24 h)
12:48:41 | INFO    | 21_lookback_frontier | split: train 2016-03-10 to 2022-07-08, val to 2023-11-15, test to 2025-03-24 (chronological, no shuffling)
12:48:41 | INFO    | 21_lookback_frontier | h=  1: boundary purge removed 24 rows (60085 -> 60061)
12:48:41 | INFO    | 21_lookback_frontier | h=  3: boundary purge removed 26 rows (59762 -> 59736)
12:48:41 | INFO    | 21_lookback_frontier | h=  6: boundary purge removed 29 rows (59258 -> 59229)
12:48:41 | INFO    | 21_lookback_frontier | h= 12: boundary purge removed 35 rows (58259 -> 58224)
12:48:41 | INFO    | 21_lookback_frontier | h= 24: boundary purge removed 47 rows (56346 -> 56299)
12:48:41 | INFO    | 21_lookback_frontier | scaler fitted on 55451 training rows over 96 predictors
12:48:41 | INFO    | 21_lookback_frontier | wrote F:\BUP\data\interim\lookback\A24\processed\features.parquet (79216 rows, 163 cols)
12:48:42 | INFO    | 21_lookback_frontier |   served 10619 of 10880 universe hours (0.9760)
12:48:42 | INFO    | 21_lookback_frontier |     ridge          RMSE   58.01  (served rows)
12:48:54 | INFO    | 21_lookback_frontier |     random_forest  RMSE   56.50  (served rows)
12:48:56 | INFO    | 21_lookback_frontier |     xgboost        RMSE   56.64  (served rows)
12:48:59 | INFO    | 21_lookback_frontier |     lightgbm       RMSE   56.84  (served rows)
12:48:59 | INFO    | 21_lookback_frontier | wrote F:\BUP\results\lookback_frontier.json and the prediction bundle
