=== baselines (persisting predictions) ===
20:08:57
       xgboost tier2          6 56.53 35.12  0.622  30.49  0.3162
      lightgbm tier2          6 56.08 34.92  0.628  30.33  0.3217
   persistence tier1         12 98.65 64.89 -0.151  50.07  0.0000
seasonal_naive tier1         12 73.36 44.94  0.363  37.91  0.2564
   climatology tier1         12 65.08 42.57  0.499  37.32  0.3403
       sarimax tier1         12 78.90 53.70  0.264  46.78  0.2002
         ridge tier2         12 64.89 40.53  0.502  34.43  0.3423
 random_forest tier2         12 57.28 35.48  0.612  31.40  0.4194
       xgboost tier2         12 57.02 35.28  0.615  31.19  0.4220
      lightgbm tier2         12 56.94 35.29  0.616  31.14  0.4228
   persistence tier1         24 73.76 45.22  0.361  37.98  0.0000
seasonal_naive tier1         24 73.76 45.22  0.361  37.98  0.0000
   climatology tier1         24 65.43 42.72  0.497  37.28  0.1130
       sarimax tier1         24 81.36 55.76  0.221  48.89 -0.1030
         ridge tier2         24 66.66 41.11  0.478  34.81  0.0963
 random_forest tier2         24 58.50 36.25  0.598  32.38  0.2069
       xgboost tier2         24 58.70 36.37  0.595  32.15  0.2043
      lightgbm tier2         24 59.02 36.62  0.591  32.40  0.1999

results -> F:\BUP\results\results.json
=== evaluate ===
20:39:00
   climatology   overall                  all 9083 65.43 42.72 -13.06  0.1130
   climatology    season        monsoon (wet) 2937 34.87 22.10 -10.76  0.1451
   climatology    season                  dry 6146 75.80 52.57 -14.16  0.1095
   climatology pollution  observed > 65 ug/m3 6069 76.45 53.22 -26.51  0.1171
   climatology pollution observed <= 65 ug/m3 3014 33.67 21.58  14.03  0.0667
   climatology pollution  observed > 35 ug/m3 7952 69.02 46.17 -17.40  0.1130
   climatology pollution observed <= 35 ug/m3 1131 29.84 18.45  17.46  0.1108
       sarimax   overall                  all 9059 81.36 55.76 -25.08 -0.1030
       sarimax    season        monsoon (wet) 2937 43.10 36.45  25.07 -0.0567
       sarimax    season                  dry 6122 94.36 65.02 -49.14 -0.1085
       sarimax pollution  observed > 65 ug/m3 6046 95.23 64.39 -56.74 -0.0998
       sarimax pollution observed <= 65 ug/m3 3013 41.31 38.43  38.43 -0.1453
       sarimax pollution  observed > 35 ug/m3 7928 84.67 56.35 -36.03 -0.0881
       sarimax pollution observed <= 35 ug/m3 1131 52.67 51.62  51.62 -0.5692
         ridge   overall                  all 9083 66.66 41.11  -8.39  0.0963
         ridge    season        monsoon (wet) 2937 34.70 21.72 -13.26  0.1492
         ridge    season                  dry 6146 77.41 50.37  -6.06  0.0907
         ridge pollution  observed > 65 ug/m3 6069 80.04 53.83 -15.53  0.0756
         ridge pollution observed <= 65 ug/m3 3014 22.20 15.49   6.00  0.3846
         ridge pollution  observed > 35 ug/m3 7952 70.86 45.02 -11.17  0.0893
         ridge pollution observed <= 35 ug/m3 1131 19.57 13.60  11.16  0.4169
 random_forest   overall                  all 9083 58.50 36.25 -13.79  0.2069
 random_forest    season        monsoon (wet) 2937 34.06 21.35 -10.86  0.1650
 random_forest    season                  dry 6146 67.11 43.37 -15.19  0.2117
 random_forest pollution  observed > 65 ug/m3 6069 69.92 46.52 -24.29  0.1925
 random_forest pollution observed <= 65 ug/m3 3014 21.67 15.58   7.35  0.3992
 random_forest pollution  observed > 35 ug/m3 7952 62.07 39.42 -17.45  0.2023
 random_forest pollution observed <= 35 ug/m3 1131 19.88 13.99  11.92  0.4076
       xgboost   overall                  all 9083 58.70 36.37 -13.14  0.2043
       xgboost    season        monsoon (wet) 2937 33.58 21.01 -10.29  0.1768
       xgboost    season                  dry 6146 67.48 43.71 -14.50  0.2073
       xgboost pollution  observed > 65 ug/m3 6069 70.20 46.77 -23.42  0.1893
       xgboost pollution observed <= 65 ug/m3 3014 21.45 15.42   7.58  0.4052
       xgboost pollution  observed > 35 ug/m3 7952 62.33 39.61 -16.64  0.1990
       xgboost pollution observed <= 35 ug/m3 1131 18.89 13.58  11.47  0.4373
      lightgbm   overall                  all 9083 59.02 36.62 -13.36  0.1999
      lightgbm    season        monsoon (wet) 2937 33.72 21.15 -10.71  0.1733
      lightgbm    season                  dry 6146 67.86 44.02 -14.63  0.2028
      lightgbm pollution  observed > 65 ug/m3 6069 70.59 47.15 -23.60  0.1847
      lightgbm pollution observed <= 65 ug/m3 3014 21.51 15.44   7.25  0.4036
      lightgbm pollution  observed > 35 ug/m3 7952 62.68 39.94 -16.83  0.1945
      lightgbm pollution observed <= 35 ug/m3 1131 18.76 13.31  11.04  0.4410
    gru_h64_l2   overall                  all 9083 60.70 36.96 -16.61  0.1771
    gru_h64_l2    season        monsoon (wet) 2937 31.95 20.00  -7.31  0.2168
    gru_h64_l2    season                  dry 6146 70.41 45.07 -21.06  0.1728
    gru_h64_l2 pollution  observed > 65 ug/m3 6069 72.60 47.57 -29.07  0.1616
    gru_h64_l2 pollution observed <= 65 ug/m3 3014 22.18 15.61   8.47  0.3851
    gru_h64_l2 pollution  observed > 35 ug/m3 7952 64.42 40.22 -20.72  0.1721
    gru_h64_l2 pollution observed <= 35 ug/m3 1131 20.42 14.07  12.29  0.3915

====================================================================================================
DIEBOLD-MARIANO TESTS
====================================================================================================
 h (hours)  Deep model     Classical    N  DM statistic  p-value    Lower loss
         1 lstm_h64_l1      lightgbm 9334         2.382   0.0172      lightgbm
         3 gru_h128_l1      lightgbm 9311         1.853   0.0639      lightgbm
         6 gru_h128_l1      lightgbm 9277         2.256   0.0241      lightgbm
        12 gru_h128_l1      lightgbm 9212         2.618  0.00885      lightgbm
        24  gru_h64_l2 random_forest 9083         3.498 0.000471 random_forest
20:39:06 | INFO    | 09_evaluate | wrote evaluation to F:\BUP\results\results.json
=== figures ===
20:39:07
20:39:11 | INFO    | 10_make_figures | wrote fig07_feature_importance
F:\BUP\src\viz\figures.py:124: UserWarning: Glyph 8322 (\N{SUBSCRIPT TWO}) missing from font(s) Arial.
  fig.savefig(path, dpi=dpi, format=fmt)
F:\BUP\src\viz\figures.py:124: UserWarning: Glyph 8733 (\N{PROPORTIONAL TO}) missing from font(s) Arial.
  fig.savefig(path, dpi=dpi, format=fmt)
20:39:11 | INFO    | 10_make_figures | wrote fig08_pareto_accuracy_emissions
20:39:12 | INFO    | 10_make_figures | wrote fig09_confusion_matrix
20:39:12 | INFO    | 10_make_figures | wrote fig10_skill_by_stratum

Figures in results/figures:
  fig01_coverage_timeline.png
  fig02_monthly_missingness.png
  fig03_pm25_distribution.png
  fig04_diurnal_seasonal.png
  fig05_rmse_vs_horizon.png
  fig06_pred_vs_actual.png
  fig07_feature_importance.png
  fig08_pareto_accuracy_emissions.png
  fig09_confusion_matrix.png
  fig10_skill_by_stratum.png
=== report ===
20:39:13
20:39:13 | INFO    | 11_make_report | wrote F:\BUP\reports\RESULTS.md
20:39:13 | INFO    | 11_make_report | wrote F:\BUP\reports\abstract_facts.json

wrote F:\BUP\reports\RESULTS.md
wrote F:\BUP\reports\abstract_facts.json
=== FINAL COMPLETE ===
20:39:13
