=== STAGE 2/7 sequence sweep (resumed) ===
18:37:45
lstm_h32_l1          24          6   17441      5 57.58 ± 0.92 35.70 ± 0.47 0.608 ± 0.013  0.3035 ± 0.0111
lstm_h32_l1          48          6   17441      5 57.67 ± 0.83 35.87 ± 0.55 0.606 ± 0.011  0.3024 ± 0.0100
gru_h128_l1         168          6   89217      5 57.82 ± 1.35 35.93 ± 0.51 0.604 ± 0.018  0.3006 ± 0.0163
lstm_h64_l1          24          6   43073      5 57.85 ± 1.57 35.87 ± 0.73 0.604 ± 0.022  0.3002 ± 0.0190
lstm_h64_l2         168          6   76353      5 57.86 ± 1.15 36.00 ± 0.54 0.604 ± 0.016  0.3001 ± 0.0139
lstm_h64_l2          24          6   76353      5 57.93 ± 1.86 36.06 ± 0.82 0.603 ± 0.026  0.2993 ± 0.0225
lstm_h32_l1         168          6   17441      5 58.12 ± 1.75 36.08 ± 0.94 0.600 ± 0.024  0.2970 ± 0.0211
 gru_h64_l2          48          6   57281      5 58.35 ± 1.78 36.06 ± 1.08 0.597 ± 0.025  0.2942 ± 0.0215
lstm_h32_l2          24          6   25889      5 58.98 ± 2.16 36.43 ± 0.94 0.588 ± 0.030  0.2865 ± 0.0261
 gru_h64_l2         168          6   57281      5 59.00 ± 1.87 36.46 ± 1.02 0.588 ± 0.026  0.2864 ± 0.0226
 gru_h64_l1          24          6   32321      5 59.07 ± 0.97 36.52 ± 0.72 0.587 ± 0.014  0.2855 ± 0.0118
 gru_h64_l1          48          6   32321      5 59.08 ± 1.11 36.44 ± 0.68 0.587 ± 0.016  0.2854 ± 0.0135
 gru_h64_l1         168          6   32321      5 59.08 ± 0.81 36.40 ± 0.61 0.587 ± 0.011  0.2853 ± 0.0097
lstm_h32_l2          48          6   25889      5 59.76 ± 1.55 36.80 ± 0.70 0.577 ± 0.022  0.2772 ± 0.0187
lstm_h32_l2         168          6   25889      5 59.78 ± 1.67 36.79 ± 0.89 0.577 ± 0.024  0.2769 ± 0.0202
 gru_h32_l1          48          6   13089      5 59.78 ± 2.11 36.82 ± 1.13 0.577 ± 0.030  0.2769 ± 0.0255
 gru_h32_l1          24          6   13089      5 60.22 ± 1.01 36.88 ± 0.63 0.571 ± 0.014  0.2716 ± 0.0123
 gru_h32_l2          24          6   19425      5 60.37 ± 1.95 37.00 ± 1.14 0.568 ± 0.028  0.2698 ± 0.0236
 gru_h32_l2          48          6   19425      5 60.47 ± 1.88 37.05 ± 1.26 0.567 ± 0.027  0.2686 ± 0.0227
 gru_h32_l1         168          6   13089      5 60.94 ± 2.46 37.61 ± 1.25 0.560 ± 0.035  0.2628 ± 0.0297
 gru_h32_l2         168          6   19425      5 61.15 ± 1.52 37.53 ± 0.88 0.557 ± 0.022  0.2603 ± 0.0183
gru_h128_l1          48         12   89217      5 58.14 ± 0.52 36.28 ± 0.28 0.600 ± 0.007  0.4106 ± 0.0053
gru_h128_l1          24         12   89217      5 58.35 ± 0.62 36.46 ± 0.47 0.597 ± 0.009  0.4086 ± 0.0063
gru_h128_l1         168         12   89217      5 58.56 ± 0.61 36.33 ± 0.24 0.594 ± 0.008  0.4064 ± 0.0062
lstm_h64_l1         168         12   43073      5 58.61 ± 0.77 36.53 ± 0.33 0.594 ± 0.011  0.4059 ± 0.0078
lstm_h64_l2          48         12   76353      5 58.68 ± 1.24 36.61 ± 0.55 0.593 ± 0.017  0.4052 ± 0.0125
lstm_h64_l2         168         12   76353      5 59.03 ± 1.27 36.59 ± 0.68 0.588 ± 0.018  0.4017 ± 0.0128
lstm_h64_l1          24         12   43073      5 59.07 ± 0.61 36.72 ± 0.18 0.587 ± 0.008  0.4013 ± 0.0061
 gru_h64_l2          24         12   57281      5 59.07 ± 0.78 36.77 ± 0.37 0.587 ± 0.011  0.4013 ± 0.0079
lstm_h64_l1          48         12   43073      5 59.31 ± 0.80 36.77 ± 0.26 0.584 ± 0.011  0.3988 ± 0.0081
 gru_h64_l2          48         12   57281      5 59.42 ± 0.66 36.84 ± 0.33 0.582 ± 0.009  0.3977 ± 0.0066
 gru_h64_l2         168         12   57281      5 59.48 ± 1.19 36.99 ± 0.58 0.581 ± 0.017  0.3971 ± 0.0120
lstm_h32_l1          24         12   17441      5 59.75 ± 1.21 36.97 ± 0.57 0.577 ± 0.017  0.3943 ± 0.0123
lstm_h64_l2          24         12   76353      5 59.88 ± 1.92 37.06 ± 0.88 0.575 ± 0.028  0.3930 ± 0.0195
 gru_h64_l1          24         12   32321      5 60.00 ± 1.08 37.18 ± 0.39 0.574 ± 0.015  0.3918 ± 0.0110
lstm_h32_l2          24         12   25889      5 60.14 ± 1.20 37.24 ± 0.72 0.572 ± 0.017  0.3904 ± 0.0121
lstm_h32_l2          48         12   25889      5 60.40 ± 1.28 37.36 ± 0.72 0.568 ± 0.018  0.3878 ± 0.0130
 gru_h32_l2         168         12   19425      5 60.48 ± 1.03 37.24 ± 0.51 0.567 ± 0.015  0.3869 ± 0.0105
 gru_h64_l1          48         12   32321      5 60.64 ± 0.89 37.32 ± 0.38 0.565 ± 0.013  0.3853 ± 0.0091
lstm_h32_l1         168         12   17441      5 60.75 ± 1.99 37.54 ± 1.05 0.563 ± 0.029  0.3842 ± 0.0202
lstm_h32_l2         168         12   25889      5 60.79 ± 0.59 37.42 ± 0.52 0.563 ± 0.008  0.3838 ± 0.0059
 gru_h64_l1         168         12   32321      5 60.85 ± 1.00 37.39 ± 0.37 0.562 ± 0.014  0.3832 ± 0.0102
 gru_h32_l2          48         12   19425      5 60.95 ± 1.79 37.53 ± 0.95 0.560 ± 0.026  0.3821 ± 0.0181
lstm_h32_l1          48         12   17441      5 61.10 ± 2.05 37.72 ± 1.06 0.558 ± 0.030  0.3807 ± 0.0208
 gru_h32_l1          24         12   13089      5 62.30 ± 1.61 38.44 ± 1.00 0.541 ± 0.024  0.3685 ± 0.0163
 gru_h32_l2          24         12   19425      5 62.40 ± 1.89 38.50 ± 1.32 0.539 ± 0.028  0.3675 ± 0.0191
 gru_h32_l1          48         12   13089      5 62.96 ± 1.37 38.77 ± 0.95 0.531 ± 0.020  0.3618 ± 0.0139
 gru_h32_l1         168         12   13089      5 63.66 ± 1.49 39.26 ± 0.89 0.520 ± 0.022  0.3547 ± 0.0151
gru_h128_l1          48         24   89217      5 59.29 ± 0.96 36.98 ± 0.38 0.587 ± 0.013  0.1962 ± 0.0130
lstm_h64_l2          48         24   76353      5 59.57 ± 0.52 37.07 ± 0.21 0.583 ± 0.007  0.1924 ± 0.0071
lstm_h64_l2         168         24   76353      5 59.59 ± 0.54 36.97 ± 0.15 0.583 ± 0.008  0.1921 ± 0.0074
lstm_h64_l2          24         24   76353      5 59.67 ± 0.57 37.03 ± 0.21 0.582 ± 0.008  0.1911 ± 0.0077
lstm_h64_l1          48         24   43073      5 59.88 ± 1.32 37.25 ± 0.54 0.578 ± 0.019  0.1882 ± 0.0179
 gru_h64_l2          48         24   57281      5 60.01 ± 1.25 37.12 ± 0.52 0.577 ± 0.018  0.1865 ± 0.0170
 gru_h64_l2         168         24   57281      5 60.10 ± 1.06 37.11 ± 0.53 0.575 ± 0.015  0.1852 ± 0.0144
 gru_h64_l2          24         24   57281      5 60.14 ± 1.23 37.23 ± 0.66 0.575 ± 0.018  0.1847 ± 0.0166
lstm_h64_l1          24         24   43073      5 60.17 ± 1.17 37.25 ± 0.50 0.574 ± 0.017  0.1843 ± 0.0159
lstm_h64_l1         168         24   43073      5 60.20 ± 1.17 37.22 ± 0.46 0.574 ± 0.017  0.1839 ± 0.0158
gru_h128_l1          24         24   89217      5 60.31 ± 0.83 37.40 ± 0.45 0.572 ± 0.012  0.1824 ± 0.0112
gru_h128_l1         168         24   89217      5 60.44 ± 0.81 37.44 ± 0.28 0.571 ± 0.011  0.1807 ± 0.0109
lstm_h32_l1          48         24   17441      5 60.50 ± 1.00 37.39 ± 0.32 0.570 ± 0.014  0.1798 ± 0.0136
lstm_h32_l1          24         24   17441      5 60.50 ± 0.99 37.46 ± 0.40 0.570 ± 0.014  0.1798 ± 0.0134
 gru_h64_l1          24         24   32321      5 60.82 ± 1.29 37.84 ± 0.45 0.565 ± 0.018  0.1754 ± 0.0175
lstm_h32_l1         168         24   17441      5 60.96 ± 1.64 37.64 ± 0.77 0.563 ± 0.024  0.1737 ± 0.0222
 gru_h64_l1          48         24   32321      5 61.02 ± 0.94 37.80 ± 0.32 0.562 ± 0.013  0.1727 ± 0.0127
 gru_h32_l2          24         24   19425      5 61.26 ± 1.93 38.05 ± 0.98 0.559 ± 0.028  0.1696 ± 0.0262
 gru_h64_l1         168         24   32321      5 61.37 ± 1.01 38.05 ± 0.52 0.557 ± 0.015  0.1680 ± 0.0137
 gru_h32_l2          48         24   19425      5 62.44 ± 1.71 38.62 ± 0.94 0.541 ± 0.025  0.1535 ± 0.0231
lstm_h32_l2         168         24   25889      5 62.62 ± 1.14 38.77 ± 0.54 0.539 ± 0.017  0.1510 ± 0.0154
lstm_h32_l2          24         24   25889      5 62.85 ± 0.70 38.85 ± 0.26 0.536 ± 0.010  0.1480 ± 0.0094
lstm_h32_l2          48         24   25889      5 62.95 ± 0.89 38.87 ± 0.45 0.534 ± 0.013  0.1467 ± 0.0121
 gru_h32_l2         168         24   19425      5 62.97 ± 1.48 39.09 ± 0.82 0.534 ± 0.022  0.1463 ± 0.0201
 gru_h32_l1          24         24   13089      5 64.00 ± 1.59 39.42 ± 0.91 0.518 ± 0.024  0.1324 ± 0.0216
 gru_h32_l1          48         24   13089      5 64.55 ± 1.32 39.74 ± 0.72 0.510 ± 0.020  0.1249 ± 0.0179
 gru_h32_l1         168         24   13089      5 65.06 ± 1.68 40.15 ± 0.95 0.502 ± 0.026  0.1180 ± 0.0228

Excluded by the 100,000-parameter budget:
  gru_h128_l2                188,289 params
  lstm_h128_l1               118,913 params
  lstm_h128_l2               251,009 params
=== STAGE 3/7 classifier ===
20:00:31
20:01:09 | INFO    | 07_train_classifier | classifier: 31742 rows, 6 of 6 classes present in train+val, weighting=balanced
20:01:23 | INFO    | 07_train_classifier | seed 2024: macro-F1 0.5212  weighted-F1 0.6830  accuracy 0.6823  balanced-acc 0.6321
[codecarbon WARNING @ 20:01:23] Multiple instances of codecarbon are allowed to run at the same time.
20:01:25 | INFO    | 07_train_classifier | classifier: 31742 rows, 6 of 6 classes present in train+val, weighting=balanced
20:01:39 | INFO    | 07_train_classifier | seed 7: macro-F1 0.5120  weighted-F1 0.6710  accuracy 0.6698  balanced-acc 0.6211
[codecarbon WARNING @ 20:01:39] Multiple instances of codecarbon are allowed to run at the same time.
20:01:40 | INFO    | 07_train_classifier | classifier: 31742 rows, 6 of 6 classes present in train+val, weighting=balanced
20:01:54 | INFO    | 07_train_classifier | seed 31415: macro-F1 0.5168  weighted-F1 0.6754  accuracy 0.6743  balanced-acc 0.6281

================================================================================
AQI CLASSIFIER (h=24, 5 seeds)
================================================================================
           Metric           Value
         Macro-F1 0.5179 ± 0.0047
      Weighted-F1 0.6779 ± 0.0062
         Accuracy 0.6772 ± 0.0064
Balanced accuracy 0.6281 ± 0.0053

                  AQI category  Test support     Precision        Recall            F1
                          Good             0         0.000         0.000         0.000
                      Moderate           846 0.628 ± 0.003 0.704 ± 0.009 0.664 ± 0.006
Unhealthy for Sensitive Groups          1075 0.472 ± 0.012 0.527 ± 0.007 0.498 ± 0.009
                     Unhealthy          3076 0.804 ± 0.006 0.663 ± 0.013 0.727 ± 0.009
                Very Unhealthy          3241 0.712 ± 0.006 0.791 ± 0.004 0.749 ± 0.004
                     Hazardous           845 0.485 ± 0.006 0.455 ± 0.006 0.469 ± 0.003
=== STAGE 4/7 green ===
20:01:55
      Model  Window (h)  RMSE@24h  Skill  Params       MACs  Latency (ms) Train kWh gCO2e (BD)
gru_h128_l1          48     59.29 0.1962   89217  4,319,360        0.2469 1.151e-04     0.0801
lstm_h64_l2          48     59.57 0.1924   76353  3,711,040        0.2929 1.387e-04     0.0966
lstm_h64_l2         168     59.59 0.1921   76353 12,988,480        0.3443 2.146e-04     0.1494
lstm_h64_l2          24     59.67 0.1911   76353  1,855,552        0.2851 1.243e-04     0.0865
lstm_h64_l1          48     59.88 0.1882   43073  2,089,024        0.2595 1.306e-04     0.0909
 gru_h64_l2          48     60.01 0.1865   57281  2,789,440        0.3219 1.525e-04     0.1062
 gru_h64_l2         168     60.10 0.1852   57281  9,762,880        0.3033 2.265e-04     0.1577
 gru_h64_l2          24     60.14 0.1847   57281  1,394,752        0.2886 1.277e-04     0.0889
lstm_h64_l1          24     60.17 0.1843   43073  1,044,544        0.2669 1.082e-04     0.0753
lstm_h64_l1         168     60.20 0.1839   43073  7,311,424        0.2835 1.766e-04     0.1229
gru_h128_l1          24     60.31 0.1824   89217  2,159,744        0.2414 1.014e-04     0.0706
gru_h128_l1         168     60.44 0.1807   89217 15,117,440        0.2655 2.392e-04     0.1665
lstm_h32_l1          48     60.50 0.1798   17441    847,904        0.2623 1.369e-04     0.0953
lstm_h32_l1          24     60.50 0.1798   17441    423,968        0.2578 1.441e-04     0.1003
 gru_h64_l1          24     60.82 0.1754   32321    784,960        0.2579 9.822e-05     0.0684
lstm_h32_l1         168     60.96 0.1737   17441  2,967,584        0.2682 1.758e-04     0.1224
 gru_h64_l1          48     61.02 0.1727   32321  1,569,856        0.2576 1.139e-04     0.0793
 gru_h32_l2          24     61.26 0.1696   19425    476,192        0.2777 1.464e-04     0.1019
 gru_h64_l1         168     61.37 0.1680   32321  5,494,336        0.2494 1.695e-04     0.1180
 gru_h32_l2          48     62.44 0.1535   19425    952,352        0.2874 1.431e-04     0.0996
lstm_h32_l2         168     62.62 0.1510   25889  4,429,856        0.3255 1.830e-04     0.1274
lstm_h32_l2          24     62.85 0.1480   25889    632,864        0.2905 1.334e-04     0.0928
lstm_h32_l2          48     62.95 0.1467   25889  1,265,696        0.3127 1.381e-04     0.0962
 gru_h32_l2         168     62.97 0.1463   19425  3,333,152        0.3280 1.797e-04     0.1251
 gru_h32_l1          24     64.00 0.1324   13089    318,752        0.2496 1.218e-04     0.0848
 gru_h32_l1          48     64.55 0.1249   13089    637,472        0.2533 1.295e-04     0.0901
 gru_h32_l1         168     65.06 0.1180   13089  2,231,072        0.2470 1.762e-04     0.1227

Excluded by parameter budget:
Configuration  Parameters  Budget
  gru_h128_l2      188289  100000
 lstm_h128_l1      118913  100000
 lstm_h128_l2      251009  100000
20:02:09 | INFO    | 08_green_measure | wrote green measurements to F:\BUP\results\results.json
=== STAGE 5/7 evaluate ===
20:02:10
20:02:13 | INFO    | 09_evaluate | HORIZON h=3
20:02:13 | INFO    | 09_evaluate | best sequence model at h=3: gru_h128_l1_w48_H3_s42 (val loss 0.06858, seed 42)
20:02:13 | INFO    | 09_evaluate | ======================================================================
20:02:13 | INFO    | 09_evaluate | HORIZON h=6
20:02:14 | INFO    | 09_evaluate | best sequence model at h=6: gru_h128_l1_w48_H6_s2024 (val loss 0.08327, seed 2024)
20:02:14 | INFO    | 09_evaluate | ======================================================================
20:02:14 | INFO    | 09_evaluate | HORIZON h=12
20:02:14 | INFO    | 09_evaluate | best sequence model at h=12: gru_h128_l1_w48_H12_s42 (val loss 0.08997, seed 42)
20:02:14 | INFO    | 09_evaluate | ======================================================================
20:02:14 | INFO    | 09_evaluate | HORIZON h=24
20:02:14 | INFO    | 09_evaluate | best sequence model at h=24: gru_h64_l2_w48_H24_s7 (val loss 0.09652, seed 7)

==============================================================================================================
STRATIFIED METRICS (h=24)
==============================================================================================================
         Model   Stratum                Group    N  RMSE   MAE   Bias  Skill
   persistence   overall                  all 9083 73.76 45.22   0.01 0.0000
   persistence    season        monsoon (wet) 2937 40.79 26.60  -0.05 0.0000
   persistence    season                  dry 6146 85.13 54.12   0.03 0.0000
   persistence pollution  observed > 65 ug/m3 6069 86.59 56.82  -6.13 0.0000
   persistence pollution observed <= 65 ug/m3 3014 36.07 21.86  12.36 0.0000
   persistence pollution  observed > 35 ug/m3 7952 77.81 48.71  -2.25 0.0000
   persistence pollution observed <= 35 ug/m3 1131 33.56 20.72  15.88 0.0000
   climatology   overall                  all 9083 65.43 42.72 -13.06 0.1130
   climatology    season        monsoon (wet) 2937 34.87 22.10 -10.76 0.1451
   climatology    season                  dry 6146 75.80 52.57 -14.16 0.1095
   climatology pollution  observed > 65 ug/m3 6069 76.45 53.22 -26.51 0.1171
   climatology pollution observed <= 65 ug/m3 3014 33.67 21.58  14.03 0.0667
   climatology pollution  observed > 35 ug/m3 7952 69.02 46.17 -17.40 0.1130
   climatology pollution observed <= 35 ug/m3 1131 29.84 18.45  17.46 0.1108
seasonal_naive   overall                  all 9083 73.76 45.22   0.01 0.0000
seasonal_naive    season        monsoon (wet) 2937 40.79 26.60  -0.05 0.0000
seasonal_naive    season                  dry 6146 85.13 54.12   0.03 0.0000
seasonal_naive pollution  observed > 65 ug/m3 6069 86.59 56.82  -6.13 0.0000
seasonal_naive pollution observed <= 65 ug/m3 3014 36.07 21.86  12.36 0.0000
seasonal_naive pollution  observed > 35 ug/m3 7952 77.81 48.71  -2.25 0.0000
seasonal_naive pollution observed <= 35 ug/m3 1131 33.56 20.72  15.88 0.0000
    gru_h64_l2   overall                  all 9083 60.70 36.96 -16.61 0.1771
    gru_h64_l2    season        monsoon (wet) 2937 31.95 20.00  -7.31 0.2168
    gru_h64_l2    season                  dry 6146 70.41 45.07 -21.06 0.1728
    gru_h64_l2 pollution  observed > 65 ug/m3 6069 72.60 47.57 -29.07 0.1616
    gru_h64_l2 pollution observed <= 65 ug/m3 3014 22.18 15.61   8.47 0.3851
    gru_h64_l2 pollution  observed > 35 ug/m3 7952 64.42 40.22 -20.72 0.1721
    gru_h64_l2 pollution observed <= 35 ug/m3 1131 20.42 14.07  12.29 0.3915
20:02:15 | INFO    | 09_evaluate | wrote evaluation to F:\BUP\results\results.json
=== STAGE 6/7 figures ===
20:02:16
20:02:19 | INFO    | 10_make_figures | wrote fig07_feature_importance
F:\BUP\src\viz\figures.py:124: UserWarning: Glyph 8322 (\N{SUBSCRIPT TWO}) missing from font(s) Arial.
  fig.savefig(path, dpi=dpi, format=fmt)
F:\BUP\src\viz\figures.py:124: UserWarning: Glyph 8733 (\N{PROPORTIONAL TO}) missing from font(s) Arial.
  fig.savefig(path, dpi=dpi, format=fmt)
20:02:20 | INFO    | 10_make_figures | wrote fig08_pareto_accuracy_emissions
20:02:21 | INFO    | 10_make_figures | wrote fig09_confusion_matrix
20:02:21 | INFO    | 10_make_figures | wrote fig10_skill_by_stratum

Figures in results/figures:
  fig01_coverage_timeline.png
  fig02_monthly_missingness.png
  fig03_pm25_distribution.png
  fig04_diurnal_seasonal.png
  fig05_rmse_vs_horizon.png
  fig06_pred_vs_actual.png
  fig07_feature_importance.png
  fig08_pareto_accuracy_emissions.png
  fig09_confusion_matrix.png
  fig10_skill_by_stratum.png
=== STAGE 7/7 report ===
20:02:21
20:02:22 | INFO    | 11_make_report | wrote F:\BUP\reports\RESULTS.md
20:02:22 | INFO    | 11_make_report | wrote F:\BUP\reports\abstract_facts.json
20:02:22 | WARNING | 11_make_report | abstract_facts.json has null sections: ['significance']

wrote F:\BUP\reports\RESULTS.md
wrote F:\BUP\reports\abstract_facts.json

WARNING: null sections in abstract_facts.json: ['significance']
=== PIPELINE COMPLETE ===
20:02:22
