=== STAGE 1: baselines (all horizons, SARIMAX + trees, fixed) ===
17:19:47
17:19:50 | INFO    | 05_run_baselines | device: cuda
17:19:51 | INFO    | 05_run_baselines | ======================================================================
17:19:51 | INFO    | 05_run_baselines | HORIZON h=1
17:19:51 | INFO    | 05_run_baselines | ======================================================================
17:19:51 | INFO    | 05_run_baselines | rows: train=27186 val=6160 test=9334
17:19:51 | INFO    | 05_run_baselines | SARIMAX h=1: longest contiguous training stretch 1651 h (2021-10-11 22:00:00+00:00 to 2021-12-19 16:00:00+00:00)
17:19:51 | INFO    | 05_run_baselines | SARIMAX h=1: fitting order=[2, 0, 1] seasonal=[1, 0, 1, 24] on 1651 points
17:20:01 | INFO    | 05_run_baselines | SARIMAX h=1: fitted, applying to 9334 evaluation rows
17:20:01 | INFO    | 05_run_baselines | sarimax h=1 took 10.0 s
17:20:02 | INFO    | 05_run_baselines | ridge: randomised search, 5 of 5 configurations, 4 chronological folds
F:\BUP\.venv\Lib\site-packages\sklearn\linear_model\_ridge.py:227: LinAlgWarning: An ill-conditioned matrix detected: slice 0 has rcond = 1.57263162492427e-08.
  return linalg.solve(A, Xy, assume_a="pos", overwrite_a=True).T
F:\BUP\.venv\Lib\site-packages\sklearn\linear_model\_ridge.py:227: LinAlgWarning: An ill-conditioned matrix detected: slice 0 has rcond = 5.870046226874592e-09.
  return linalg.solve(A, Xy, assume_a="pos", overwrite_a=True).T
F:\BUP\.venv\Lib\site-packages\sklearn\linear_model\_ridge.py:227: LinAlgWarning: An ill-conditioned matrix detected: slice 0 has rcond = 4.6078789672776566e-09.
  return linalg.solve(A, Xy, assume_a="pos", overwrite_a=True).T
F:\BUP\.venv\Lib\site-packages\sklearn\linear_model\_ridge.py:227: LinAlgWarning: An ill-conditioned matrix detected: slice 0 has rcond = 8.521892636004225e-10.
  return linalg.solve(A, Xy, assume_a="pos", overwrite_a=True).T
F:\BUP\.venv\Lib\site-packages\sklearn\linear_model\_ridge.py:227: LinAlgWarning: An ill-conditioned matrix detected: slice 0 has rcond = 7.221458986350626e-08.
  return linalg.solve(A, Xy, assume_a="pos", overwrite_a=True).T
F:\BUP\.venv\Lib\site-packages\sklearn\linear_model\_ridge.py:227: LinAlgWarning: An ill-conditioned matrix detected: slice 0 has rcond = 4.954065246920436e-08.
  return linalg.solve(A, Xy, assume_a="pos", overwrite_a=True).T
F:\BUP\.venv\Lib\site-packages\sklearn\linear_model\_ridge.py:227: LinAlgWarning: An ill-conditioned matrix detected: slice 0 has rcond = 3.651028634976683e-08.
  return linalg.solve(A, Xy, assume_a="pos", overwrite_a=True).T
17:20:02 | INFO    | 05_run_baselines | random_forest: randomised search, 8 of 8 configurations, 4 chronological folds
=== STAGE 2: sequence sweep ===
17:20:10
17:20:13 | INFO    | 06_train_sequence | device=cuda progress=plain max_minutes=10.0
17:20:13 | WARNING | 06_train_sequence | excluded gru_h128_l2: 188289 parameters exceeds the 100000 budget
17:20:13 | WARNING | 06_train_sequence | excluded lstm_h128_l1: 118913 parameters exceeds the 100000 budget
17:20:13 | WARNING | 06_train_sequence | excluded lstm_h128_l2: 251009 parameters exceeds the 100000 budget
17:20:13 | INFO    | 06_train_sequence | sweep: 675 runs, 3 excluded by parameter budget
17:20:13 | INFO    | 06_train_sequence | [1/675] gru_h32_l1_w24_H1_s42: already complete, skipping
17:20:13 | INFO    | 06_train_sequence | [2/675] gru_h32_l1_w24_H1_s1337: already complete, skipping
17:20:13 | INFO    | 06_train_sequence | [3/675] gru_h32_l1_w24_H1_s2024
17:20:13 | WARNING | 06_train_sequence | CodeCarbon unavailable (TypeError: BaseEmissionsTracker.__init__() got an unexpected keyword argument 'country_iso_code'); timing only
17:20:15 | INFO    | 06_train_sequence | gru_h32_l1_w24_H1_s2024: resumed from epoch 7 (best val 0.04645)
17:20:15 | INFO    | 06_train_sequence | gru_h32_l1_w24_H1_s2024: 13089 params | train 27186 windows, val 6160 | 107 steps/epoch | matrix 30.8 MB on device
17:20:17 | INFO    | 06_train_sequence | gru_h32_l1_w24_H1_s2024 epoch   8/60  train 0.12619  val 0.04929  lr 1.00e-03  1.7s
17:20:18 | INFO    | 06_train_sequence | gru_h32_l1_w24_H1_s2024 epoch   9/60  train 0.12460  val 0.04536  lr 1.00e-03  0.9s  *
17:20:19 | INFO    | 06_train_sequence | gru_h32_l1_w24_H1_s2024 epoch  10/60  train 0.12145  val 0.04597  lr 1.00e-03  0.9s
17:20:20 | INFO    | 06_train_sequence | gru_h32_l1_w24_H1_s2024 epoch  11/60  train 0.12125  val 0.04866  lr 1.00e-03  1.0s
17:20:21 | INFO    | 06_train_sequence | gru_h32_l1_w24_H1_s2024 epoch  12/60  train 0.11758  val 0.04397  lr 1.00e-03  1.0s  *
17:20:22 | INFO    | 06_train_sequence | gru_h32_l1_w24_H1_s2024 epoch  13/60  train 0.11550  val 0.04483  lr 1.00e-03  0.9s
17:20:22 | INFO    | 06_train_sequence | gru_h32_l1_w24_H1_s2024 epoch  14/60  train 0.11480  val 0.04674  lr 1.00e-03  0.9s
17:20:23 | INFO    | 06_train_sequence | gru_h32_l1_w24_H1_s2024 epoch  15/60  train 0.11413  val 0.04855  lr 1.00e-03  0.9s
17:20:24 | INFO    | 06_train_sequence | gru_h32_l1_w24_H1_s2024 epoch  16/60  train 0.11271  val 0.04465  lr 1.00e-03  0.9s
17:20:25 | INFO    | 06_train_sequence | gru_h32_l1_w24_H1_s2024 epoch  17/60  train 0.11293  val 0.04564  lr 5.00e-04  0.9s
17:20:26 | INFO    | 06_train_sequence | gru_h32_l1_w24_H1_s2024 epoch  18/60  train 0.11040  val 0.04489  lr 5.00e-04  0.9s
17:20:27 | INFO    | 06_train_sequence | gru_h32_l1_w24_H1_s2024 epoch  19/60  train 0.10876  val 0.04506  lr 5.00e-04  0.9s
17:20:28 | INFO    | 06_train_sequence | gru_h32_l1_w24_H1_s2024 epoch  20/60  train 0.10841  val 0.04330  lr 5.00e-04  0.9s  *
17:20:29 | INFO    | 06_train_sequence | gru_h32_l1_w24_H1_s2024 epoch  21/60  train 0.10733  val 0.04569  lr 5.00e-04  0.9s
17:20:30 | INFO    | 06_train_sequence | gru_h32_l1_w24_H1_s2024 epoch  22/60  train 0.10558  val 0.04793  lr 5.00e-04  0.9s
=== STAGE 3: classifier ===
17:20:30
=== STAGE 4: green ===
17:20:32
=== STAGE 5: evaluate ===
17:20:33
17:20:36 | INFO    | 09_evaluate | HORIZON h=6
17:20:36 | INFO    | 09_evaluate | ======================================================================
17:20:36 | INFO    | 09_evaluate | HORIZON h=12
17:20:36 | INFO    | 09_evaluate | ======================================================================
17:20:36 | INFO    | 09_evaluate | HORIZON h=24
17:20:37 | INFO    | 09_evaluate | best sequence model at h=24: gru_h64_l1_w48_H24_s42 (val loss 0.10103, seed 42)

==============================================================================================================
STRATIFIED METRICS (h=24)
==============================================================================================================
         Model   Stratum                Group    N  RMSE   MAE   Bias  Skill
   persistence   overall                  all 9083 73.76 45.22   0.01 0.0000
   persistence    season        monsoon (wet) 2937 40.79 26.60  -0.05 0.0000
   persistence    season                  dry 6146 85.13 54.12   0.03 0.0000
   persistence pollution  observed > 65 ug/m3 6069 86.59 56.82  -6.13 0.0000
   persistence pollution observed <= 65 ug/m3 3014 36.07 21.86  12.36 0.0000
   persistence pollution  observed > 35 ug/m3 7952 77.81 48.71  -2.25 0.0000
   persistence pollution observed <= 35 ug/m3 1131 33.56 20.72  15.88 0.0000
   climatology   overall                  all 9083 65.43 42.72 -13.06 0.1130
   climatology    season        monsoon (wet) 2937 34.87 22.10 -10.76 0.1451
   climatology    season                  dry 6146 75.80 52.57 -14.16 0.1095
   climatology pollution  observed > 65 ug/m3 6069 76.45 53.22 -26.51 0.1171
   climatology pollution observed <= 65 ug/m3 3014 33.67 21.58  14.03 0.0667
   climatology pollution  observed > 35 ug/m3 7952 69.02 46.17 -17.40 0.1130
   climatology pollution observed <= 35 ug/m3 1131 29.84 18.45  17.46 0.1108
seasonal_naive   overall                  all 9083 73.76 45.22   0.01 0.0000
seasonal_naive    season        monsoon (wet) 2937 40.79 26.60  -0.05 0.0000
seasonal_naive    season                  dry 6146 85.13 54.12   0.03 0.0000
seasonal_naive pollution  observed > 65 ug/m3 6069 86.59 56.82  -6.13 0.0000
seasonal_naive pollution observed <= 65 ug/m3 3014 36.07 21.86  12.36 0.0000
seasonal_naive pollution  observed > 35 ug/m3 7952 77.81 48.71  -2.25 0.0000
seasonal_naive pollution observed <= 35 ug/m3 1131 33.56 20.72  15.88 0.0000
    gru_h64_l1   overall                  all 9083 59.62 37.54 -12.65 0.1917
    gru_h64_l1    season        monsoon (wet) 2937 32.70 20.36  -9.78 0.1983
    gru_h64_l1    season                  dry 6146 68.87 45.74 -14.02 0.1910
    gru_h64_l1 pollution  observed > 65 ug/m3 6069 71.12 48.11 -22.68 0.1786
    gru_h64_l1 pollution observed <= 65 ug/m3 3014 22.98 16.24   7.56 0.3629
    gru_h64_l1 pollution  observed > 35 ug/m3 7952 63.33 41.05 -15.91 0.1861
    gru_h64_l1 pollution observed <= 35 ug/m3 1131 18.72 12.86  10.30 0.4422
17:20:37 | INFO    | 09_evaluate | wrote evaluation to F:\BUP\results\results.json
=== STAGE 6: figures ===
17:20:38
17:20:41 | INFO    | 10_make_figures | wrote fig05_rmse_vs_horizon
17:20:41 | INFO    | 10_make_figures | wrote fig06_pred_vs_actual
17:20:41 | INFO    | 10_make_figures | wrote fig07_feature_importance
17:20:41 | WARNING | 10_make_figures | no green table; skipping Pareto figure
17:20:41 | WARNING | 10_make_figures | no classification record; skipping confusion matrix
17:20:42 | INFO    | 10_make_figures | wrote fig10_skill_by_stratum

Figures in results/figures:
  fig01_coverage_timeline.png
  fig02_monthly_missingness.png
  fig03_pm25_distribution.png
  fig04_diurnal_seasonal.png
  fig05_rmse_vs_horizon.png
  fig06_pred_vs_actual.png
  fig07_feature_importance.png
  fig10_skill_by_stratum.png
=== STAGE 7: report ===
17:20:42
17:20:43 | INFO    | 11_make_report | wrote F:\BUP\reports\RESULTS.md
17:20:43 | INFO    | 11_make_report | wrote F:\BUP\reports\abstract_facts.json
17:20:43 | WARNING | 11_make_report | abstract_facts.json has null sections: ['classification', 'significance']

wrote F:\BUP\reports\RESULTS.md
wrote F:\BUP\reports\abstract_facts.json

WARNING: null sections in abstract_facts.json: ['classification', 'significance']
=== FULL PIPELINE DONE ===
17:20:43
