=== BJ 1/6 baselines ===
00:51:33
seasonal_naive tier1          6 96.24 66.48 -0.042  85.85 -0.5968
   climatology tier1          6 93.61 70.48  0.014  83.94 -0.5530
       sarimax tier1          6 56.66 35.37  0.639  52.80  0.0600
         ridge tier2          6 82.47 42.85  0.235  52.06 -0.3682
 random_forest tier2          6 61.71 35.48  0.571  45.77 -0.0239
       xgboost tier2          6 62.68 35.03  0.558  44.99 -0.0399
      lightgbm tier2          6 63.35 35.66  0.548  45.61 -0.0510
   persistence tier1         12 78.00 48.95  0.321  65.32  0.0000
seasonal_naive tier1         12 96.62 66.82 -0.043  85.92 -0.2387
   climatology tier1         12 93.98 70.86  0.014  84.27 -0.2049
       sarimax tier1         12 71.30 49.43  0.434  67.79  0.0859
         ridge tier2         12 75.83 49.64  0.358  64.82  0.0279
 random_forest tier2         12 78.75 48.58  0.307  61.72 -0.0096
       xgboost tier2         12 75.75 47.09  0.359  60.68  0.0288
      lightgbm tier2         12 79.15 48.38  0.300  61.69 -0.0147
   persistence tier1         24 97.29 67.28 -0.040  85.89  0.0000
seasonal_naive tier1         24 97.29 67.28 -0.040  85.89  0.0000
   climatology tier1         24 94.91 71.80  0.010  85.11  0.0245
       sarimax tier1         24 85.15 62.63  0.207  79.84  0.1248
         ridge tier2         24 90.32 60.77  0.103  79.50  0.0717
 random_forest tier2         24 93.73 60.62  0.034  78.68  0.0366
       xgboost tier2         24 93.57 60.57  0.038  78.36  0.0383
      lightgbm tier2         24 94.17 59.62  0.025  77.63  0.0321

results -> F:\BUP\results\results_beijing.json
=== BJ 2/6 sweep ===
01:20:12
 gru_h32_l2         168          6   18849      5 63.23 ± 3.65 36.95 ± 2.03  0.549 ± 0.053 -0.0490 ± 0.0605
 gru_h64_l2          48         12   56129      5 71.35 ± 1.37 45.89 ± 1.13  0.431 ± 0.022  0.0852 ± 0.0176
lstm_h64_l2          48         12   74817      5 71.82 ± 0.72 46.31 ± 0.33  0.424 ± 0.011  0.0793 ± 0.0092
 gru_h64_l2          24         12   56129      5 72.51 ± 3.71 46.50 ± 1.77  0.412 ± 0.061  0.0704 ± 0.0476
 gru_h64_l2         168         12   56129      5 73.46 ± 3.12 46.72 ± 1.19  0.397 ± 0.052  0.0582 ± 0.0401
lstm_h64_l2          24         12   74817      5 73.82 ± 2.12 47.30 ± 1.05  0.391 ± 0.036  0.0536 ± 0.0272
gru_h128_l1          24         12   86913      5 74.46 ± 0.97 47.07 ± 0.51  0.381 ± 0.016  0.0453 ± 0.0125
gru_h128_l1          48         12   86913      5 74.54 ± 1.55 47.28 ± 0.76  0.379 ± 0.026  0.0443 ± 0.0199
lstm_h64_l2         168         12   74817      5 74.55 ± 2.89 47.69 ± 1.56  0.379 ± 0.049  0.0442 ± 0.0371
gru_h128_l1         168         12   86913      5 74.92 ± 2.08 47.47 ± 1.11  0.373 ± 0.035  0.0395 ± 0.0266
 gru_h64_l1          48         12   31169      5 75.03 ± 1.46 47.48 ± 0.58  0.371 ± 0.025  0.0380 ± 0.0187
 gru_h32_l2         168         12   18849      5 75.19 ± 2.85 48.08 ± 1.29  0.368 ± 0.049  0.0360 ± 0.0366
lstm_h64_l1          48         12   41537      5 75.38 ± 2.59 47.46 ± 1.28  0.365 ± 0.044  0.0336 ± 0.0333
lstm_h64_l1          24         12   41537      5 75.42 ± 4.05 47.72 ± 2.42  0.363 ± 0.070  0.0330 ± 0.0519
 gru_h64_l1          24         12   31169      5 75.50 ± 2.30 47.81 ± 0.78  0.363 ± 0.039  0.0320 ± 0.0295
 gru_h32_l2          24         12   18849      5 75.64 ± 2.60 48.20 ± 1.36  0.361 ± 0.044  0.0303 ± 0.0334
lstm_h64_l1         168         12   41537      5 75.83 ± 4.08 47.96 ± 2.32  0.356 ± 0.071  0.0278 ± 0.0524
lstm_h32_l2          48         12   25121      5 75.93 ± 2.44 48.42 ± 1.03  0.356 ± 0.042  0.0265 ± 0.0313
lstm_h32_l2         168         12   25121      5 76.12 ± 3.92 48.35 ± 1.53  0.351 ± 0.067  0.0241 ± 0.0503
 gru_h32_l2          48         12   18849      5 76.16 ± 2.69 48.40 ± 1.35  0.352 ± 0.046  0.0235 ± 0.0345
 gru_h32_l1          48         12   12513      5 76.18 ± 1.08 48.01 ± 0.88  0.352 ± 0.018  0.0234 ± 0.0139
lstm_h32_l2          24         12   25121      5 76.22 ± 1.97 48.56 ± 0.87  0.351 ± 0.034  0.0228 ± 0.0253
 gru_h64_l1         168         12   31169      5 76.22 ± 2.49 48.03 ± 0.85  0.351 ± 0.043  0.0228 ± 0.0319
lstm_h32_l1         168         12   16673      5 76.24 ± 1.42 48.05 ± 0.52  0.351 ± 0.024  0.0225 ± 0.0182
lstm_h32_l1          24         12   16673      5 76.31 ± 0.90 48.04 ± 0.59  0.350 ± 0.015  0.0217 ± 0.0116
lstm_h32_l1          48         12   16673      5 76.62 ± 2.74 48.03 ± 0.79  0.344 ± 0.048  0.0177 ± 0.0352
 gru_h32_l1          24         12   12513      5 77.20 ± 0.67 48.75 ± 0.67  0.334 ± 0.012  0.0102 ± 0.0086
 gru_h32_l1         168         12   12513      5 77.41 ± 2.53 48.91 ± 1.29  0.330 ± 0.044  0.0075 ± 0.0325
lstm_h64_l2         168         24   74817      5 88.71 ± 1.09 60.35 ± 1.42  0.135 ± 0.021  0.0882 ± 0.0112
lstm_h64_l2          48         24   74817      5 88.81 ± 1.04 60.49 ± 1.26  0.133 ± 0.020  0.0872 ± 0.0106
lstm_h64_l2          24         24   74817      5 89.80 ± 1.48 60.83 ± 1.25  0.114 ± 0.029  0.0770 ± 0.0153
 gru_h64_l2          24         24   56129      5 90.08 ± 2.18 60.13 ± 1.08  0.108 ± 0.043  0.0741 ± 0.0225
 gru_h64_l2          48         24   56129      5 90.77 ± 2.57 60.23 ± 0.88  0.094 ± 0.051  0.0670 ± 0.0264
 gru_h64_l2         168         24   56129      5 90.82 ± 2.84 60.34 ± 0.84  0.093 ± 0.056  0.0665 ± 0.0292
lstm_h32_l1          24         24   16673      5 91.14 ± 1.35 60.28 ± 0.95  0.087 ± 0.027  0.0632 ± 0.0138
lstm_h32_l1          48         24   16673      5 91.41 ± 1.28 60.41 ± 0.82  0.082 ± 0.026  0.0605 ± 0.0132
lstm_h64_l1         168         24   41537      5 91.55 ± 0.75 60.83 ± 1.11  0.079 ± 0.015  0.0590 ± 0.0077
gru_h128_l1         168         24   86913      5 91.80 ± 2.30 60.52 ± 0.76  0.073 ± 0.046  0.0564 ± 0.0236
gru_h128_l1          48         24   86913      5 92.03 ± 2.38 60.67 ± 0.95  0.069 ± 0.047  0.0541 ± 0.0244
lstm_h64_l1          24         24   41537      5 92.14 ± 1.45 61.51 ± 0.64  0.067 ± 0.029  0.0530 ± 0.0149
lstm_h64_l1          48         24   41537      5 92.88 ± 2.95 61.89 ± 1.46  0.051 ± 0.061  0.0453 ± 0.0303
 gru_h32_l2         168         24   18849      5 93.00 ± 1.82 61.54 ± 1.00  0.049 ± 0.037  0.0441 ± 0.0188
 gru_h32_l1          48         24   12513      5 93.22 ± 1.15 61.00 ± 0.49  0.045 ± 0.024  0.0418 ± 0.0119
gru_h128_l1          24         24   86913      5 93.86 ± 1.80 61.78 ± 1.13  0.031 ± 0.037  0.0352 ± 0.0185
lstm_h32_l2          48         24   25121      5 93.96 ± 5.22 62.52 ± 2.80  0.027 ± 0.108  0.0343 ± 0.0537
lstm_h32_l2          24         24   25121      5 94.08 ± 4.86 62.47 ± 2.76  0.025 ± 0.101  0.0330 ± 0.0499
lstm_h32_l2         168         24   25121      5 94.26 ± 4.79 62.58 ± 2.74  0.021 ± 0.100  0.0312 ± 0.0493
 gru_h32_l2          24         24   18849      5 94.27 ± 2.62 62.86 ± 2.08  0.023 ± 0.054  0.0311 ± 0.0269
 gru_h32_l1         168         24   12513      5 94.38 ± 3.79 61.81 ± 1.82  0.020 ± 0.080  0.0299 ± 0.0390
 gru_h64_l1          48         24   31169      5 94.84 ± 3.65 62.11 ± 1.81  0.010 ± 0.077  0.0252 ± 0.0376
 gru_h64_l1         168         24   31169      5 95.06 ± 5.05 62.09 ± 2.41  0.005 ± 0.109  0.0230 ± 0.0519
 gru_h32_l2          48         24   18849      5 95.26 ± 5.34 62.70 ± 3.02  0.000 ± 0.114  0.0209 ± 0.0549
lstm_h32_l1         168         24   16673      5 95.27 ± 5.72 62.42 ± 3.03 -0.001 ± 0.121  0.0207 ± 0.0587
 gru_h64_l1          24         24   31169      5 95.81 ± 5.17 62.82 ± 3.43 -0.011 ± 0.110  0.0153 ± 0.0532
 gru_h32_l1          24         24   12513      5 96.24 ± 2.68 62.31 ± 1.20 -0.019 ± 0.057  0.0108 ± 0.0276

Excluded by the 100,000-parameter budget:
  gru_h128_l2                185,985 params
  lstm_h128_l1               115,841 params
  lstm_h128_l2               247,937 params
=== BJ 3/6 classifier ===
02:49:51
02:50:49 | INFO    | 07_train_classifier | classifier: 25983 rows, 6 of 6 classes present in train+val, weighting=balanced
02:51:01 | INFO    | 07_train_classifier | seed 31415: macro-F1 0.4400 (0.4400 over 6 non-empty classes)  weighted-F1 0.4898  accuracy 0.4975  balanced-acc 0.4458

================================================================================
AQI CLASSIFIER (h=24, 5 seeds)
================================================================================
                              Metric           Value
    Macro-F1 (all 6 defined classes) 0.4307 ± 0.0056
Macro-F1 (6 classes present in test) 0.4307 ± 0.0056
                         Weighted-F1 0.4819 ± 0.0052
                            Accuracy 0.4895 ± 0.0054
                   Balanced accuracy 0.4346 ± 0.0071

                  AQI category  Test support     Precision        Recall            F1
                          Good           167 0.369 ± 0.010 0.315 ± 0.003 0.340 ± 0.006
                      Moderate           965 0.619 ± 0.006 0.558 ± 0.007 0.587 ± 0.005
Unhealthy for Sensitive Groups           524 0.285 ± 0.018 0.165 ± 0.009 0.209 ± 0.012
                     Unhealthy          1293 0.537 ± 0.005 0.607 ± 0.003 0.570 ± 0.004
                Very Unhealthy           583 0.365 ± 0.009 0.443 ± 0.010 0.400 ± 0.009
                     Hazardous           281 0.443 ± 0.019 0.520 ± 0.034 0.478 ± 0.021
=== BJ 4/6 green ===
02:51:02
gru_h128_l1         168     91.80 0.0564   86913 14,730,368        0.2843 1.736e-04     0.1209
gru_h128_l1          48     92.03 0.0541   86913  4,208,768        0.2962 8.385e-05     0.0584
lstm_h64_l1          24     92.14 0.0530   41537  1,007,680        0.2743 6.786e-05     0.0472
lstm_h64_l1          48     92.88 0.0453   41537  2,015,296        0.2692 7.303e-05     0.0508
 gru_h32_l2         168     93.00 0.0441   18849  3,236,384        0.2936 1.364e-04     0.0950
 gru_h32_l1          48     93.22 0.0418   12513    609,824        0.2498 8.936e-05     0.0622
gru_h128_l1          24     93.86 0.0352   86913  2,104,448        0.3001 7.180e-05     0.0500
lstm_h32_l2          48     93.96 0.0343   25121  1,228,832        0.3073 8.803e-05     0.0613
lstm_h32_l2          24     94.08 0.0330   25121    614,432        0.3331 7.862e-05     0.0547
lstm_h32_l2         168     94.26 0.0312   25121  4,300,832        0.3046 1.249e-04     0.0869
 gru_h32_l2          24     94.27 0.0311   18849    462,368        0.2963 1.038e-04     0.0723
 gru_h32_l1         168     94.38 0.0299   12513  2,134,304        0.2501 1.189e-04     0.0828
 gru_h64_l1          48     94.84 0.0252   31169  1,514,560        0.2602 7.708e-05     0.0537
 gru_h64_l1         168     95.06 0.0230   31169  5,300,800        0.2633 1.293e-04     0.0900
 gru_h32_l2          48     95.26 0.0209   18849    924,704        0.2783 1.101e-04     0.0766
lstm_h32_l1         168     95.27 0.0207   16673  2,838,560        0.2700 1.301e-04     0.0906
 gru_h64_l1          24     95.81 0.0153   31169    757,312        0.2501 7.666e-05     0.0534
 gru_h32_l1          24     96.24 0.0108   12513    304,928        0.2324 8.548e-05     0.0595

Excluded by parameter budget:
Configuration  Parameters  Budget
  gru_h128_l2      185985  100000
 lstm_h128_l1      115841  100000
 lstm_h128_l2      247937  100000
02:51:16 | INFO    | 08_green_measure | wrote green measurements to F:\BUP\results\results_beijing.json
=== BJ 5/6 evaluate ===
02:51:16
         ridge pollution observed <= 35 ug/m3 1464  43.82 35.85  35.55  0.5797
 random_forest   overall                  all 3813  93.73 60.62 -31.76  0.0366
 random_forest    season        monsoon (wet)  916  42.27 31.35  -4.67  0.1686
 random_forest    season                  dry 2897 104.87 69.88 -40.32  0.0280
 random_forest pollution  observed > 65 ug/m3 1777 131.38 96.29 -95.91 -0.3087
 random_forest pollution observed <= 65 ug/m3 2036  37.24 29.50  24.24  0.6059
 random_forest pollution  observed > 35 ug/m3 2349 114.72 76.80 -72.67 -0.2379
 random_forest pollution observed <= 35 ug/m3 1464  42.01 34.66  33.90  0.5971
       xgboost   overall                  all 3813  93.57 60.57 -31.79  0.0383
       xgboost    season        monsoon (wet)  916  43.25 31.86  -6.74  0.1493
       xgboost    season                  dry 2897 104.56 69.65 -39.72  0.0310
       xgboost pollution  observed > 65 ug/m3 1777 130.81 96.33 -95.69 -0.3030
       xgboost pollution observed <= 65 ug/m3 2036  38.25 29.36  23.98  0.5953
       xgboost pollution  observed > 35 ug/m3 2349 114.21 76.74 -72.61 -0.2325
       xgboost pollution observed <= 35 ug/m3 1464  43.26 34.63  33.69  0.5851
      lightgbm   overall                  all 3813  94.17 59.62 -32.39  0.0321
      lightgbm    season        monsoon (wet)  916  41.64 29.26  -5.10  0.1809
      lightgbm    season                  dry 2897 105.47 69.22 -41.02  0.0225
      lightgbm pollution  observed > 65 ug/m3 1777 132.12 96.22 -94.53 -0.3160
      lightgbm pollution observed <= 65 ug/m3 2036  37.07 27.67  21.84  0.6077
      lightgbm pollution  observed > 35 ug/m3 2349 115.55 77.10 -71.66 -0.2469
      lightgbm pollution observed <= 35 ug/m3 1464  40.90 31.57  30.61  0.6078
   lstm_h64_l1   overall                  all 3813  91.83 61.64 -25.21  0.0561
   lstm_h64_l1    season        monsoon (wet)  916  41.97 32.33  -3.77  0.1745
   lstm_h64_l1    season                  dry 2897 102.67 70.90 -31.99  0.0484
   lstm_h64_l1 pollution  observed > 65 ug/m3 1777 125.09 91.22 -90.07 -0.2460
   lstm_h64_l1 pollution observed <= 65 ug/m3 2036  46.22 35.82  31.41  0.5109
   lstm_h64_l1 pollution  observed > 35 ug/m3 2349 109.52 73.77 -66.88 -0.1818
   lstm_h64_l1 pollution observed <= 35 ug/m3 1464  52.13 42.17  41.65  0.5001

====================================================================================================
DIEBOLD-MARIANO TESTS
====================================================================================================
 h (hours)  Deep model Classical    N  DM statistic p-value Lower loss
         1 lstm_h64_l1   sarimax 3951         3.118 0.00183    sarimax
         3 lstm_h64_l1   sarimax 3939         0.879   0.379    sarimax
         6 gru_h128_l1   sarimax 3921         1.579   0.115    sarimax
        12 gru_h128_l1   sarimax 3885         0.879    0.38    sarimax
        24 lstm_h64_l1   sarimax 3813         1.943  0.0521    sarimax
02:51:20 | INFO    | 09_evaluate | wrote evaluation to F:\BUP\results\results_beijing.json
=== BJ 6/6 figures+report ===
02:51:21
02:51:26 | INFO    | 10_make_figures | wrote fig09_confusion_matrix
02:51:27 | INFO    | 10_make_figures | wrote fig10_skill_by_stratum

Figures in results/figures:
  fig01_coverage_timeline.png
  fig02_monthly_missingness.png
  fig03_pm25_distribution.png
  fig04_diurnal_seasonal.png
  fig05_rmse_vs_horizon.png
  fig06_pred_vs_actual.png
  fig07_feature_importance.png
  fig08_pareto_accuracy_emissions.png
  fig09_confusion_matrix.png
  fig10_skill_by_stratum.png
02:51:28 | INFO    | 11_make_report | wrote F:\BUP\reports\RESULTS.md
02:51:28 | INFO    | 11_make_report | wrote F:\BUP\reports\abstract_facts.json

wrote F:\BUP\reports\RESULTS.md
wrote F:\BUP\reports\abstract_facts.json
=== BEIJING COMPLETE ===
02:51:28
