01:17:26 | INFO    | 22_availability_frontier | universe 4833 hours, persistence RMSE 97.1255
01:17:26 | INFO    | 22_availability_frontier | common subset: 3813 of 4833 universe hours
01:17:27 | INFO    | 22_availability_frontier | decomposition residual max |.| = 0.000e+00 (must be ~0 by construction)
01:17:28 | INFO    | 22_availability_frontier | wrote fig15_availability_frontier.png, fig15_availability_frontier.pdf
01:17:28 | INFO    | 22_availability_frontier | reference RMSE on served 97.2918 vs unserved 96.5013 -- the hours the deepest arm cannot reach are EASIER, not harder

==============================================================================
COMMON SUBSET — every arm on the same 3813 hours
==============================================================================
          model arm  lookback_h  n_common  rmse_common  ci_low  ci_high
    climatology A24     24.0000      3813      94.8393 82.2201 108.6061
    climatology A48     48.0000      3813      94.7823 82.1690 108.4174
    climatology B24     24.0000      3813      94.8247 82.3140 108.4388
    climatology B48     48.0000      3813      94.8247 82.3140 108.4388
    climatology   C         NaN      3813      94.8247 82.3140 108.4388
    dlinear_w24 A24     24.0000      3813      90.4437 75.7567 105.5691
    dlinear_w24 A48     48.0000      3813      85.7439 73.0178  98.6853
    dlinear_w24 B24     24.0000      3813      95.4296 80.0941 111.3311
    dlinear_w24 B48     48.0000      3813      95.4296 80.0941 111.3311
    dlinear_w24   C         NaN      3813      95.4296 80.0941 111.3311
    dlinear_w48 A24     24.0000      3813      91.4217 76.7426 106.6866
    dlinear_w48 A48     48.0000      3813      88.3288 74.1960 102.9146
    dlinear_w48 B24     24.0000      3813      93.3754 78.1487 109.3365
    dlinear_w48 B48     48.0000      3813      93.3754 78.1487 109.3365
    dlinear_w48   C         NaN      3813      93.3754 78.1487 109.3365
 gru_h64_l2_w24 A24     24.0000      3813      84.7415 70.9816  99.2088
 gru_h64_l2_w24 A48     48.0000      3813      86.7574 72.2286 102.2376
 gru_h64_l2_w24 B24     24.0000      3813      83.8993 70.8341  97.6674
 gru_h64_l2_w24 B48     48.0000      3813      83.8993 70.8341  97.6674
 gru_h64_l2_w24   C         NaN      3813      83.8993 70.8341  97.6674
 gru_h64_l2_w48 A24     24.0000      3813      86.7115 72.2560 101.9806
 gru_h64_l2_w48 A48     48.0000      3813      88.0353 72.7657 104.5096
 gru_h64_l2_w48 B24     24.0000      3813      86.1028 72.0954 100.7854
 gru_h64_l2_w48 B48     48.0000      3813      86.1028 72.0954 100.7854
 gru_h64_l2_w48   C         NaN      3813      86.1028 72.0954 100.7854
       lightgbm A24     24.0000      3813      90.4552 75.0761 107.0572
       lightgbm A48     48.0000      3813      91.4698 75.8222 108.9981
       lightgbm B24     24.0000      3813      91.4201 75.3498 108.6974
       lightgbm B48     48.0000      3813      93.5580 76.5312 111.3897
       lightgbm   C         NaN      3813      94.1713 77.0679 111.9389
lstm_h64_l1_w24 A24     24.0000      3813      87.5280 73.2220 102.5601
lstm_h64_l1_w24 A48     48.0000      3813      88.3471 73.8438 103.8678
lstm_h64_l1_w24 B24     24.0000      3813      87.3909 73.1328 102.6130
lstm_h64_l1_w24 B48     48.0000      3813      87.3909 73.1328 102.6130
lstm_h64_l1_w24   C         NaN      3813      87.3909 73.1328 102.6130
lstm_h64_l1_w48 A24     24.0000      3813      90.2507 75.3484 105.4753
lstm_h64_l1_w48 A48     48.0000      3813      88.0290 72.8702 103.6786
lstm_h64_l1_w48 B24     24.0000      3813      89.8425 75.1927 105.3771
lstm_h64_l1_w48 B48     48.0000      3813      89.8425 75.1927 105.3771
lstm_h64_l1_w48   C         NaN      3813      89.8425 75.1927 105.3771
    persistence A24     24.0000      3813      97.2918 85.3272 109.7227
    persistence A48     48.0000      3813      97.2918 85.3272 109.7227
    persistence B24     24.0000      3813      97.2918 85.3272 109.7227
    persistence B48     48.0000      3813      97.2918 85.3272 109.7227
    persistence   C         NaN      3813      97.2918 85.3272 109.7227
  random_forest A24     24.0000      3813      90.8582 75.7522 107.7899
  random_forest A48     48.0000      3813      90.8582 75.3057 107.8229
  random_forest B24     24.0000      3813      92.4987 76.0199 109.9918
  random_forest B48     48.0000      3813      93.2051 76.5850 110.9651
  random_forest   C         NaN      3813      93.7271 77.0678 111.5769
          ridge A24     24.0000      3813      90.4149 75.7111 105.6260
          ridge A48     48.0000      3813      90.6722 75.8984 106.0184
          ridge B24     24.0000      3813      91.0511 76.1239 106.5656
          ridge B48     48.0000      3813      91.1844 76.3210 106.8637
          ridge   C         NaN      3813      91.3633 76.4000 107.5328
        xgboost A24     24.0000      3813      88.2283 73.8749 103.3165
        xgboost A48     48.0000      3813      88.9310 74.4271 104.6570
        xgboost B24     24.0000      3813      92.5537 76.9450 109.9131
        xgboost B48     48.0000      3813      91.9113 76.5065 108.8907
        xgboost   C         NaN      3813      93.7249 77.4406 110.9876

Diebold-Mariano against the status quo (negative favours the cap)
          model arm vs  dm_stat better  p_raw  p_holm  significant
    climatology A24  C   0.0934      C 0.9256  1.0000        False
    climatology A48  C  -0.3240    A48 0.7460  1.0000        False
    dlinear_w24 A24  C  -4.8287    A24 0.0000  0.0000         True
    dlinear_w24 A48  C  -3.8745    A48 0.0001  0.0030         True
    dlinear_w48 A24  C  -2.9954    A24 0.0028  0.0717        False
    dlinear_w48 A48  C  -4.3864    A48 0.0000  0.0003         True
 gru_h64_l2_w24 A24  C   1.1890      C 0.2345  1.0000        False
 gru_h64_l2_w24 A48  C   1.7867      C 0.0741  1.0000        False
 gru_h64_l2_w48 A24  C   0.6037      C 0.5461  1.0000        False
 gru_h64_l2_w48 A48  C   1.9538      C 0.0508  0.9686        False
       lightgbm A24  C  -1.9742    A24 0.0484  0.9686        False
       lightgbm A48  C  -1.6445    A48 0.1002  1.0000        False
       lightgbm B24  C  -1.7243    B24 0.0847  1.0000        False
       lightgbm B48  C  -0.5918    B48 0.5540  1.0000        False
lstm_h64_l1_w24 A24  C   0.1896      C 0.8496  1.0000        False
lstm_h64_l1_w24 A48  C   1.3112      C 0.1899  1.0000        False
lstm_h64_l1_w48 A24  C   0.4872      C 0.6261  1.0000        False
lstm_h64_l1_w48 A48  C  -1.5289    A48 0.1264  1.0000        False
  random_forest A24  C  -2.6044    A24 0.0092  0.2217        False
  random_forest A48  C  -2.5780    A48 0.0100  0.2294        False
  random_forest B24  C  -2.0123    B24 0.0443  0.9293        False
  random_forest B48  C  -1.0349    B48 0.3008  1.0000        False
          ridge A24  C  -1.7266    A24 0.0843  1.0000        False
          ridge A48  C  -1.5578    A48 0.1194  1.0000        False
          ridge B24  C  -0.6563    B24 0.5117  1.0000        False
          ridge B48  C  -0.4984    B48 0.6183  1.0000        False
        xgboost A24  C  -2.9446    A24 0.0033  0.0813        False
        xgboost A48  C  -3.0367    A48 0.0024  0.0650        False
        xgboost B24  C  -1.4626    B24 0.1437  1.0000        False
        xgboost B48  C  -2.2324    B48 0.0256  0.5642        False

Decomposition (MSE)
          model  lookback_h  rmse_C  rmse_B  rmse_A  total_mse_delta  volume_mse_delta  richness_mse_delta  residual
    climatology          24 94.8247 94.8247 94.8393           2.7717            2.7717              0.0000    0.0000
    climatology          48 94.8247 94.8247 94.7823          -8.0271           -8.0271              0.0000    0.0000
    dlinear_w24          24 95.4296 95.4296 90.4437        -926.7362         -926.7362              0.0000    0.0000
    dlinear_w24          48 95.4296 95.4296 85.7439       -1754.7789        -1754.7789              0.0000    0.0000
    dlinear_w48          24 93.3754 93.3754 91.4217        -361.0455         -361.0455              0.0000    0.0000
    dlinear_w48          48 93.3754 93.3754 88.3288        -916.9971         -916.9971              0.0000    0.0000
 gru_h64_l2_w24          24 83.8993 83.8993 84.7415         142.0330          142.0330              0.0000    0.0000
 gru_h64_l2_w24          48 83.8993 83.8993 86.7574         487.7517          487.7517              0.0000    0.0000
 gru_h64_l2_w48          24 86.1028 86.1028 86.7115         105.1924          105.1924              0.0000    0.0000
 gru_h64_l2_w48          48 86.1028 86.1028 88.0353         336.5331          336.5331              0.0000    0.0000
       lightgbm          24 94.1713 91.4201 90.4552        -686.0857         -175.4824           -510.6034    0.0000
       lightgbm          48 94.1713 93.5580 91.4698        -501.5005         -386.3705           -115.1299    0.0000
lstm_h64_l1_w24          24 87.3909 87.3909 87.5280          23.9739           23.9739              0.0000    0.0000
lstm_h64_l1_w24          48 87.3909 87.3909 88.3471         168.0346          168.0346              0.0000    0.0000
lstm_h64_l1_w48          24 89.8425 89.8425 90.2507          73.5053           73.5053              0.0000    0.0000
lstm_h64_l1_w48          48 89.8425 89.8425 88.0290        -322.5833         -322.5833              0.0000    0.0000
    persistence          24 97.2918 97.2918 97.2918           0.0000            0.0000              0.0000    0.0000
    persistence          48 97.2918 97.2918 97.2918           0.0000            0.0000              0.0000    0.0000
  random_forest          24 93.7271 92.4987 90.8582        -529.5569         -300.8102           -228.7467    0.0000
  random_forest          48 93.7271 93.2051 90.8582        -529.5416         -431.9666            -97.5750    0.0000
          ridge          24 91.3633 91.0511 90.4149        -172.4081         -115.4494            -56.9587    0.0000
          ridge          48 91.3633 91.1844 90.6722        -125.8062          -93.1418            -32.6643    0.0000
        xgboost          24 93.7249 92.5537 88.2283       -1000.1383         -781.9609           -218.1774    0.0000
        xgboost          48 93.7249 91.9113 88.9310        -875.6368         -538.9587           -336.6781    0.0000

==============================================================================
VERDICT
==============================================================================
  On the common 3813 hours, 3 arm(s) beat the status quo under Holm and 0 lose to it.
    dlinear_w24    best arm A48  availability 0.9305 all-hours skill +0.1208 (+0.1057 vs status quo)
    xgboost        best arm A24  availability 0.9652 all-hours skill +0.1070 (+0.0781 vs status quo)
    dlinear_w48    best arm A48  availability 0.9305 all-hours skill +0.1013 (+0.0696 vs status quo)
    lightgbm       best arm A24  availability 0.9652 all-hours skill +0.0879 (+0.0626 vs status quo)
    random_forest  best arm A48  availability 0.9305 all-hours skill +0.0816 (+0.0527 vs status quo)
    lstm_h64_l1_w48 best arm A48  availability 0.9305 all-hours skill +0.1099 (+0.0498 vs status quo)
    ridge          best arm A24  availability 0.9652 all-hours skill +0.0862 (+0.0383 vs status quo)
    gru_h64_l2_w24 best arm A24  availability 0.9652 all-hours skill +0.1451 (+0.0379 vs status quo)
    lstm_h64_l1_w24 best arm A24  availability 0.9652 all-hours skill +0.1166 (+0.0369 vs status quo)
    gru_h64_l2_w48 best arm A24  availability 0.9319 all-hours skill +0.1192 (+0.0293 vs status quo)
    climatology    best arm A24  availability 0.9652 all-hours skill +0.0493 (+0.0293 vs status quo)
    persistence    best arm A24  availability 0.9652 all-hours skill +0.0000 (+0.0000 vs status quo)

All hours
          model     arm  policy  availability  rmse_served  rmse_all_hours  skill_all_hours
    climatology     A24  single        0.9652      92.6193         92.3367           0.0493
    climatology     A48  single        0.9305      91.1186         92.9070           0.0434
    climatology     B24  single        0.7890      94.8247         95.1810           0.0200
    climatology     B48  single        0.7890      94.8247         95.1810           0.0200
    climatology       C  single        0.7890      94.8247         95.1810           0.0200
    climatology cascade cascade        1.0000      94.8247         92.3360           0.0493
    dlinear_w24     A24  single        0.9652      89.2207         89.0480           0.0832
    dlinear_w24     A48  single        0.9305      82.8391         85.3907           0.1208
    dlinear_w24     B24  single        0.7890      95.4296         95.6568           0.0151
    dlinear_w24     B48  single        0.7890      95.4296         95.6568           0.0151
    dlinear_w24       C  single        0.7890      95.4296         95.6568           0.0151
    dlinear_w24 cascade cascade        1.0000      95.4296         93.1806           0.0406
    dlinear_w48     A24  single        0.9319      87.4516         89.6165           0.0773
    dlinear_w48     A48  single        0.9305      84.9336         87.2842           0.1013
    dlinear_w48     B24  single        0.7890      93.3754         94.0438           0.0317
    dlinear_w48     B48  single        0.7890      93.3754         94.0438           0.0317
    dlinear_w48       C  single        0.7890      93.3754         94.0438           0.0317
    dlinear_w48 cascade cascade        1.0000      93.3754         91.3829           0.0591
 gru_h64_l2_w24     A24  single        0.9652      82.9934         83.0325           0.1451
 gru_h64_l2_w24     A48  single        0.9305      83.1072         85.6327           0.1183
 gru_h64_l2_w24     B24  single        0.7890      83.8993         86.7116           0.1072
 gru_h64_l2_w24     B48  single        0.7890      83.8993         86.7116           0.1072
 gru_h64_l2_w24       C  single        0.7890      83.8993         86.7116           0.1072
 gru_h64_l2_w24 cascade cascade        1.0000      83.8993         82.6613           0.1489
 gru_h64_l2_w48     A24  single        0.9319      82.9653         85.5489           0.1192
 gru_h64_l2_w48     A48  single        0.9305      84.5742         86.9589           0.1047
 gru_h64_l2_w48     B24  single        0.7890      86.1028         88.3993           0.0898
 gru_h64_l2_w48     B48  single        0.7890      86.1028         88.3993           0.0898
 gru_h64_l2_w48       C  single        0.7890      86.1028         88.3993           0.0898
 gru_h64_l2_w48 cascade cascade        1.0000      86.1028         85.4630           0.1201
       lightgbm     A24  single        0.9652      88.7408         88.5839           0.0879
       lightgbm     A48  single        0.9305      87.3565         89.4816           0.0787
       lightgbm     B24  single        0.7890      91.4201         92.5157           0.0475
       lightgbm     B48  single        0.7890      93.5580         94.1868           0.0303
       lightgbm       C  single        0.7890      94.1713         94.6678           0.0253
       lightgbm cascade cascade        1.0000      94.1713         91.3035           0.0599
lstm_h64_l1_w24     A24  single        0.9652      85.8646         85.8042           0.1166
lstm_h64_l1_w24     A48  single        0.9305      84.2513         86.6667           0.1077
lstm_h64_l1_w24     B24  single        0.7890      87.3909         89.3910           0.0796
lstm_h64_l1_w24     B48  single        0.7890      87.3909         89.3910           0.0796
lstm_h64_l1_w24       C  single        0.7890      87.3909         89.3910           0.0796
lstm_h64_l1_w24 cascade cascade        1.0000      87.3909         85.5739           0.1189
lstm_h64_l1_w48     A24  single        0.9319      86.3331         88.6001           0.0878
lstm_h64_l1_w48     A48  single        0.9305      84.0169         86.4547           0.1099
lstm_h64_l1_w48     B24  single        0.7890      89.8425         91.2883           0.0601
lstm_h64_l1_w48     B48  single        0.7890      89.8425         91.2883           0.0601
lstm_h64_l1_w48       C  single        0.7890      89.8425         91.2883           0.0601
lstm_h64_l1_w48 cascade cascade        1.0000      89.8425         87.9586           0.0944
    persistence     A24  single        0.9652      97.5618         97.1255           0.0000
    persistence     A48  single        0.9305      95.7295         97.1255           0.0000
    persistence     B24  single        0.7890      97.2918         97.1255           0.0000
    persistence     B48  single        0.7890      97.2918         97.1255           0.0000
    persistence       C  single        0.7890      97.2918         97.1255           0.0000
    persistence cascade cascade        1.0000      97.2918         97.1255           0.0000
  random_forest     A24  single        0.9652      89.5468         89.3634           0.0799
  random_forest     A48  single        0.9305      87.0433         89.1971           0.0816
  random_forest     B24  single        0.7890      92.4987         93.3578           0.0388
  random_forest     B48  single        0.7890      93.2051         93.9104           0.0331
  random_forest       C  single        0.7890      93.7271         94.3194           0.0289
  random_forest cascade cascade        1.0000      93.7271         91.6098           0.0568
          ridge     A24  single        0.9652      88.9122         88.7496           0.0862
          ridge     A48  single        0.9305      86.7993         88.9756           0.0839
          ridge     B24  single        0.7890      91.0511         92.2282           0.0504
          ridge     B48  single        0.7890      91.1844         92.3320           0.0494
          ridge       C  single        0.7890      91.3633         92.4715           0.0479
          ridge cascade cascade        1.0000      91.3633         89.5384           0.0781
        xgboost     A24  single        0.9652      86.8288         86.7357           0.1070
        xgboost     A48  single        0.9305      85.2897         87.6067           0.0980
        xgboost     B24  single        0.7890      92.5537         93.4007           0.0383
        xgboost     B48  single        0.7890      91.9113         92.8989           0.0435
        xgboost       C  single        0.7890      93.7249         94.3177           0.0289
        xgboost cascade cascade        1.0000      93.7249         91.2395           0.0606

